mtdpart.c:92:12:part_read_user_prot_reg	0	static
mtdpart.c:100:12:part_get_user_prot_info	0	static
mtdpart.c:107:12:part_read_fact_prot_reg	0	static
mtdpart.c:115:12:part_get_fact_prot_info	0	static
mtdpart.c:122:12:part_write	20	static
mtdpart.c:136:12:part_panic_write	20	static
mtdpart.c:150:12:part_write_oob	16	static
mtdpart.c:165:12:part_write_user_prot_reg	0	static
mtdpart.c:173:12:part_lock_user_prot_reg	0	static
mtdpart.c:180:12:part_erase	32	static
mtdpart.c:211:12:part_lock	24	static
mtdpart.c:219:12:part_unlock	24	static
mtdpart.c:227:13:part_sync	0	static
mtdpart.c:233:12:part_block_isbad	8	static
mtdpart.c:242:12:part_block_markbad	16	static
mtdpart.c:71:12:part_read_oob	32	static
mtdpart.c:47:12:part_read	48	static
mtdpart.c:198:6:mtd_erase_callback	8	static
mtdpart.c:263:5:del_mtd_partitions	24	static
mtdpart.c:450:5:add_mtd_partitions	120	static
