net.c:279:13:net_clear_handlers	0	static
net.c:576:1:startAgainTimeout	0	static
net.c:631:13:dummy_handler	0	static
net.c:232:6:net_auto_load	8	static
net.c:581:6:NetStartAgain	16	static
net.c:637:11:net_get_udp_handler	0	static
net.c:642:6:net_set_udp_handler	0	static
net.c:651:11:net_get_arp_handler	0	static
net.c:656:6:net_set_arp_handler	0	static
net.c:673:1:NetSetTimeout	16	static
net.c:1292:1:NetCksum	0	static
net.c:1285:1:NetCksumOk	8	static
net.c:944:1:NetReceive	40	static
net.c:1306:1:NetEthHdrSize	0	static
net.c:1319:1:NetSetEther	24	static
net.c:1344:5:net_update_ether	16	static
net.c:1367:6:net_set_ip_header	24	static
net.c:1388:6:net_set_udp_header	24	static
net.c:688:5:NetSendUDPPacket	40	static
net.c:1412:6:copy_filename	0	static
net.c:212:12:on_bootfile	8	static
net.c:1432:14:random_port	8	static
net.c:1438:6:ip_to_string	16	static
net.c:1448:6:VLAN_to_string	0	static
net.c:1461:8:string_to_VLAN	8	static
net.c:1476:8:getenv_VLAN	8	static
net.c:256:13:NetInitLoop	16	static
net.c:291:6:net_init	8	static
net.c:321:5:NetLoop	48	static
