nfs.c:394:1:rpc_lookup_reply	2056	static
nfs.c:423:1:nfs_mount_reply	2056	static
nfs.c:447:1:nfs_umountall_reply	2056	static
nfs.c:470:1:nfs_lookup_reply	2056	static
nfs.c:493:1:nfs_readlink_reply	2072	static
nfs.c:101:1:basename	8	static
nfs.c:130:14:rpc_add_credentials	272	static
nfs.c:174:1:rpc_req	2080	static
nfs.c:232:1:nfs_mount_req	4120	static
nfs.c:259:1:nfs_umountall_req	4104	static
nfs.c:306:1:nfs_lookup_req	4120	static
nfs.c:335:1:nfs_read_req	4120	static
nfs.c:285:1:nfs_readlink_req	4112	static
nfs.c:528:1:nfs_read_reply.isra.0	2064	static
nfs.c:360:1:NfsSend	72	static
nfs.c:583:1:NfsHandler	16	static
nfs.c:570:1:NfsTimeout	8	static
nfs.c:677:1:NfsStart	32	static
