eth.c:108:12:__def_eth_init	0	static
eth.c:177:13:eth_current_changed	8	static
eth.c:30:6:eth_parse_enetaddr	24	static
eth.c:42:5:eth_getenv_enetaddr	8	static
eth.c:48:5:eth_setenv_enetaddr	32	static
eth.c:57:5:eth_getenv_enetaddr_by_index	48	static
eth.c:127:20:eth_get_dev_by_name	16	static
eth.c:149:20:eth_get_dev_by_index	0	static
eth.c:169:5:eth_get_dev_index	0	static
eth.c:193:5:eth_write_hwaddr	64	static
eth.c:231:5:eth_register	16	static
eth.c:254:5:eth_unregister	8	static
eth.c:291:5:eth_initialize	32	static
eth.c:442:6:eth_halt	8	static
eth.c:452:5:eth_send	4	static
eth.c:460:5:eth_rx	0	static
eth.c:512:6:eth_try_another	16	static
eth.c:404:5:eth_init	32	static
eth.c:539:6:eth_set_current	16	static
eth.c:566:7:eth_get_name	0	static
