cmd_mtdparts.c:177:22:memsize_parse	8	static
cmd_mtdparts.c:489:13:part_delall	16	static
cmd_mtdparts.c:1841:26:mtd_part_info	16	static
cmd_mtdparts.c:210:13:memsize_format	0	static
cmd_mtdparts.c:231:13:index_partitions	32	static
cmd_mtdparts.c:269:13:current_save	40	static
cmd_mtdparts.c:510:12:part_sort_add	24	static
cmd_mtdparts.c:755:12:device_del	16	static
cmd_mtdparts.c:1211:12:generate_mtdparts_save.constprop	80	static
cmd_mtdparts.c:731:12:device_delall.constprop	24	static
cmd_mtdparts.c:974:12:mtd_devices_init	8	static
cmd_mtdparts.c:301:12:get_mtd_info.constprop	24	static
cmd_mtdparts.c:409:12:part_validate	40	static
cmd_mtdparts.c:787:20:device_find	16	static
cmd_mtdparts.c:834:12:device_parse	72	static
cmd_mtdparts.c:1045:5:mtd_id_parse	32	static
cmd_mtdparts.c:1349:5:find_dev_and_part	48	static
cmd_mtdparts.c:1703:5:mtdparts_init	72	static
cmd_mtdparts.c:1888:12:do_chpart	32	static
cmd_mtdparts.c:1926:12:do_mtdparts	120	static
