fdt_support.c:969:12:of_bus_default_map	48	static
fdt_support.c:947:13:of_bus_default_count_cells	24	static
fdt_support.c:368:12:get_cells_len	8	static
fdt_support.c:986:12:of_bus_default_translate	40	static
fdt_support.c:52:5:fdt_getprop_u32_default	16	static
fdt_support.c:81:5:fdt_find_and_setprop	32	static
fdt_support.c:149:5:fdt_initrd	72	static
fdt_support.c:215:5:fdt_chosen	32	static
fdt_support.c:285:6:do_fixup_by_path	24	static
fdt_support.c:301:6:do_fixup_by_path_u32	24	static
fdt_support.c:308:6:do_fixup_by_prop	40	static
fdt_support.c:329:6:do_fixup_by_prop_u32	32	static
fdt_support.c:337:6:do_fixup_by_compat	40	static
fdt_support.c:356:6:do_fixup_by_compat_u32	24	static
fdt_support.c:391:5:fdt_fixup_memory_banks	88	dynamic
fdt_support.c:441:5:fdt_fixup_memory	16	static
fdt_support.c:446:6:fdt_fixup_ethernet	88	static
fdt_support.c:483:5:fdt_resize	48	static
fdt_support.c:673:5:fdt_increase_size	0	static
fdt_support.c:892:6:fdt_del_node_and_alias	16	static
fdt_support.c:1073:5:__of_translate_address	120	static
fdt_support.c:1146:5:fdt_translate_address	0	static
fdt_support.c:1160:5:fdt_node_offset_by_compat_reg	40	static
fdt_support.c:1181:5:fdt_alloc_phandle	16	static
fdt_support.c:1200:5:fdt_set_phandle	40	static
fdt_support.c:1239:14:fdt_create_phandle	16	static
fdt_support.c:1269:5:fdt_set_node_status	40	static
fdt_support.c:1310:5:fdt_set_status_by_alias	16	static
fdt_support.c:1356:5:fdt_verify_alias_address	48	static
fdt_support.c:1397:5:fdt_get_base_address	24	static
