miiphyutil.c:83:12:legacy_miiphy_read	16	static
miiphyutil.c:94:12:legacy_miiphy_write	4	static
miiphyutil.c:54:17:miiphy_get_dev_by_name	16	static
miiphyutil.c:77:6:miiphy_init	0	static
miiphyutil.c:154:17:mdio_alloc	8	static
miiphyutil.c:107:6:miiphy_register	32	static
miiphyutil.c:170:5:mdio_register	16	static
miiphyutil.c:191:6:mdio_list_devices	40	static
miiphyutil.c:216:5:miiphy_set_current_dev	8	static
miiphyutil.c:266:24:miiphy_get_active_dev	16	static
miiphyutil.c:231:17:mdio_get_current_dev	0	static
miiphyutil.c:236:20:mdio_phydev_for_ethname	24	static
miiphyutil.c:258:13:miiphy_get_current_dev	0	static
miiphyutil.c:290:5:miiphy_read	24	static
miiphyutil.c:318:5:miiphy_write	24	static
miiphyutil.c:334:6:miiphy_listdev	16	static
miiphyutil.c:363:5:miiphy_info	32	static
miiphyutil.c:561:5:miiphy_is_1000base_x	16	static
miiphyutil.c:448:5:miiphy_speed	24	static
miiphyutil.c:501:5:miiphy_duplex	24	static
