fat.c:40:13:downcase	0	static
fat.c:55:12:disk_read	12	static
fat.c:170:14:get_fatent	24	static
fat.c:569:13:mkcksum	8	static
fat_write.c:781:12:check_overflow	24	static
fat_write.c:44:12:disk_write	24	static
fat_write.c:115:12:flush_fat_buffer	24	static
fat_write.c:151:14:get_fatent_value	32	static
fat_write.c:476:12:set_fatent_value	32	static
fat.c:268:1:get_cluster	40	dynamic
fat.c:141:13:get_name	24	static
fat_write.c:560:1:set_cluster	32	dynamic
fat_write.c:678:1:set_contents	40	static
fat.c:754:1:read_bootsectandvi	24	static
fat_write.c:62:13:set_name	280	static
fat.c:453:12:slot2str	12	static
fat.c:486:1:get_vfatname	40	static
fat_write.c:617:13:flush_dir_table.constprop	16	static
fat_write.c:918:12:do_fat_write	712	static
fat.c:64:5:fat_set_blk_dev	24	dynamic
fat.c:93:5:fat_register_device	96	static
fat.c:825:1:do_fat_read_at	2560	static
fat.c:1179:1:do_fat_read	16	static
fat.c:1184:5:file_fat_detectfs	120	static
fat.c:1246:5:file_fat_ls	0	static
fat.c:1251:6:file_fat_read_at	32	static
fat.c:1258:6:file_fat_read	0	static
fat_write.c:1094:5:file_fat_write	16	static
