Archive member included to satisfy reference by file (symbol)

/media/lampa/42583FF2583FE379/intelFPGA_lite/17.1/embedded/host_tools/mentor/gnu/arm/baremetal/bin/../lib/gcc/arm-altera-eabi/6.2.0/libgcc.a(_udivsi3.o)
                              fs/fat/libfat.o (__aeabi_uidiv)
/media/lampa/42583FF2583FE379/intelFPGA_lite/17.1/embedded/host_tools/mentor/gnu/arm/baremetal/bin/../lib/gcc/arm-altera-eabi/6.2.0/libgcc.a(_divsi3.o)
                              fs/fat/libfat.o (__aeabi_idiv)
/media/lampa/42583FF2583FE379/intelFPGA_lite/17.1/embedded/host_tools/mentor/gnu/arm/baremetal/bin/../lib/gcc/arm-altera-eabi/6.2.0/libgcc.a(_dvmd_tls.o)
                              /media/lampa/42583FF2583FE379/intelFPGA_lite/17.1/embedded/host_tools/mentor/gnu/arm/baremetal/bin/../lib/gcc/arm-altera-eabi/6.2.0/libgcc.a(_udivsi3.o) (__aeabi_idiv0)
/media/lampa/42583FF2583FE379/intelFPGA_lite/17.1/embedded/host_tools/mentor/gnu/arm/baremetal/bin/../lib/gcc/arm-altera-eabi/6.2.0/libgcc.a(_lshrdi3.o)
                              lib/libgeneric.o (__aeabi_llsr)
/media/lampa/42583FF2583FE379/intelFPGA_lite/17.1/embedded/host_tools/mentor/gnu/arm/baremetal/bin/../lib/gcc/arm-altera-eabi/6.2.0/libgcc.a(_ashldi3.o)
                              drivers/mmc/libmmc.o (__aeabi_llsl)

Discarded input sections

 .data          0x00000000        0x0 arch/arm/cpu/armv7/start.o
 .bss           0x00000000        0x0 arch/arm/cpu/armv7/start.o
 .text          0x00000000        0x0 fs/fat/libfat.o
 .text.check_overflow
                0x00000000       0x4c fs/fat/libfat.o
 .text.disk_write
                0x00000000       0x50 fs/fat/libfat.o
 .text.flush_fat_buffer
                0x00000000       0x50 fs/fat/libfat.o
 .text.get_fatent_value
                0x00000000      0x110 fs/fat/libfat.o
 .text.set_fatent_value
                0x00000000       0xae fs/fat/libfat.o
 .text.set_cluster
                0x00000000       0x80 fs/fat/libfat.o
 .text.set_contents
                0x00000000      0x118 fs/fat/libfat.o
 .text.set_name
                0x00000000       0xc8 fs/fat/libfat.o
 .text.flush_dir_table.constprop.7
                0x00000000       0x8c fs/fat/libfat.o
 .text.do_fat_write
                0x00000000      0x634 fs/fat/libfat.o
 .text.do_fat_read
                0x00000000       0x14 fs/fat/libfat.o
 .text.file_fat_detectfs
                0x00000000       0xd4 fs/fat/libfat.o
 .text.file_fat_ls
                0x00000000        0xa fs/fat/libfat.o
 .text.file_fat_write
                0x00000000       0x24 fs/fat/libfat.o
 .rodata.disk_write.str1.1
                0x00000000       0x18 fs/fat/libfat.o
 .rodata.do_fat_write.str1.1
                0x00000000       0xc2 fs/fat/libfat.o
 .rodata.file_fat_detectfs.str1.1
                0x00000000       0x84 fs/fat/libfat.o
 .rodata.file_fat_write.str1.1
                0x00000000        0xc fs/fat/libfat.o
 .rodata.flush_dir_table.constprop.7.str1.1
                0x00000000       0x21 fs/fat/libfat.o
 .data          0x00000000        0x0 fs/fat/libfat.o
 .bss           0x00000000        0x0 fs/fat/libfat.o
 .bss.dir_curclust
                0x00000000        0x4 fs/fat/libfat.o
 .bss.empty_dentptr
                0x00000000        0x4 fs/fat/libfat.o
 .bss.num_of_fats
                0x00000000        0x1 fs/fat/libfat.o
 .bss.total_sector
                0x00000000        0x4 fs/fat/libfat.o
 .text.invalidate_dcache_all
                0x00000000        0x2 arch/arm/cpu/armv7/libarmv7.o
 .text.flush_dcache_all
                0x00000000        0x2 arch/arm/cpu/armv7/libarmv7.o
 .text.invalidate_dcache_range
                0x00000000        0x2 arch/arm/cpu/armv7/libarmv7.o
 .text.arm_init_before_mmu
                0x00000000        0x2 arch/arm/cpu/armv7/libarmv7.o
 .text.flush_cache
                0x00000000        0x2 arch/arm/cpu/armv7/libarmv7.o
 .text.mmu_page_table_flush
                0x00000000        0x2 arch/arm/cpu/armv7/libarmv7.o
 .text.invalidate_icache_all
                0x00000000       0x14 arch/arm/cpu/armv7/libarmv7.o
 .text.__v7_outer_cache_enable
                0x00000000        0x2 arch/arm/cpu/armv7/libarmv7.o
 .text.__v7_outer_cache_disable
                0x00000000        0x2 arch/arm/cpu/armv7/libarmv7.o
 .text.__v7_outer_cache_flush_all
                0x00000000        0x2 arch/arm/cpu/armv7/libarmv7.o
 .text.__v7_outer_cache_inval_all
                0x00000000        0x2 arch/arm/cpu/armv7/libarmv7.o
 .text.__v7_outer_cache_flush_range
                0x00000000        0x2 arch/arm/cpu/armv7/libarmv7.o
 .text.__v7_outer_cache_inval_range
                0x00000000        0x2 arch/arm/cpu/armv7/libarmv7.o
 .text.cpu_cache_initialization
                0x00000000        0x2 arch/arm/cpu/armv7/libarmv7.o
 .text.cleanup_before_linux
                0x00000000       0x1e arch/arm/cpu/armv7/libarmv7.o
 .text.sdelay   0x00000000        0x6 arch/arm/cpu/armv7/libarmv7.o
 .text.sr32     0x00000000       0x1a arch/arm/cpu/armv7/libarmv7.o
[...]
Memory Configuration

Name             Origin             Length             Attributes
.sram            0xffff0000         0x00010000
.sdram           0x01f00000         0x00100000
*default*        0x00000000         0xffffffff

Linker script and memory map


.text           0xffff0000     0x7adc
 arch/arm/cpu/armv7/start.o(.text)
 .text          0xffff0000      0x164 arch/arm/cpu/armv7/start.o
                0xffff0000                _start
                0xffff0040                _end_vect
                0xffff0050                _TEXT_BASE
                0xffff0054                _bss_start_ofs
                0xffff0058                _image_copy_end_ofs
                0xffff005c                _bss_end_ofs
                0xffff0060                _end_ofs
                0xffff0064                IRQ_STACK_START
                0xffff0068                FIQ_STACK_START
                0xffff006c                IRQ_STACK_START_IN
                0xffff00a4                c_runtime_cpu_setup
                0xffff00c0                cpu_init_cp15
                0xffff0104                cpu_init_crit
 *(.text*)
 .text.downcase
                0xffff0164       0x18 fs/fat/libfat.o
 .text.disk_read
                0xffff017c       0x30 fs/fat/libfat.o
 .text.get_fatent
                0xffff01ac       0xf6 fs/fat/libfat.o
 .text.mkcksum  0xffff02a2       0x36 fs/fat/libfat.o
 .text.get_cluster
                0xffff02d8       0xf0 fs/fat/libfat.o
 .text.get_name
                0xffff03c8       0x70 fs/fat/libfat.o
 .text.read_bootsectandvi
                0xffff0438       0xb4 fs/fat/libfat.o
 .text.slot2str
                0xffff04ec       0x5c fs/fat/libfat.o
 .text.get_vfatname
                0xffff0548      0x108 fs/fat/libfat.o
 .text.fat_set_blk_dev
                0xffff0650       0x8c fs/fat/libfat.o
                0xffff0650                fat_set_blk_dev
 .text.fat_register_device
                0xffff06dc       0x50 fs/fat/libfat.o
                0xffff06dc                fat_register_device
 .text.do_fat_read_at
                0xffff072c      0x708 fs/fat/libfat.o
                0xffff072c                do_fat_read_at
 .text.file_fat_read_at
                0xffff0e34       0x2c fs/fat/libfat.o
                0xffff0e34                file_fat_read_at
 .text.file_fat_read
                0xffff0e60        0xa fs/fat/libfat.o
                0xffff0e60                file_fat_read
 *fill*         0xffff0e6a        0x2 
 .text          0xffff0e6c       0x18 arch/arm/cpu/armv7/libarmv7.o
                0xffff0e6c                lowlevel_init
 .text.flush_dcache_range
                0xffff0e84        0x2 arch/arm/cpu/armv7/libarmv7.o
                0xffff0e84                flush_dcache_range
 *fill*         0xffff0e86        0x2 
 .text          0xffff0e88      0x198 arch/arm/cpu/armv7/socfpga/libsocfpga.o
                0xffff0e88                save_boot_params
                0xffff0edc                relocate_stack_to_sdram
                0xffff0f10                fpgamgr_axi_write
                0xffff0f60                reset_clock_manager
                0xffff1008                reset_clock_manager_size
 .text.s_init   0xffff1020       0x54 arch/arm/cpu/armv7/socfpga/libsocfpga.o
                0xffff1020                s_init
 .text.timer_init
                0xffff1074       0x1c arch/arm/cpu/armv7/socfpga/libsocfpga.o
                0xffff1074                timer_init
 .text.__udelay
                0xffff1090       0x3c arch/arm/cpu/armv7/socfpga/libsocfpga.o
                0xffff1090                __udelay
 .text.get_timer_masked
                0xffff10cc       0x40 arch/arm/cpu/armv7/socfpga/libsocfpga.o
                0xffff10cc                get_timer_masked
 .text.get_timer
                0xffff110c        0xc arch/arm/cpu/armv7/socfpga/libsocfpga.o
                0xffff110c                get_timer
 .text.reset_timer
                0xffff1118       0x24 arch/arm/cpu/armv7/socfpga/libsocfpga.o
                0xffff1118                reset_timer
 .text.get_timer_count_masked
                0xffff113c       0x30 arch/arm/cpu/armv7/socfpga/libsocfpga.o
                0xffff113c                get_timer_count_masked
 .text.get_timer_count
                0xffff116c        0xc arch/arm/cpu/armv7/socfpga/libsocfpga.o
                0xffff116c                get_timer_count
 .text.reset_timer_count
                0xffff1178       0x14 arch/arm/cpu/armv7/socfpga/libsocfpga.o
                0xffff1178                reset_timer_count
 .text.watchdog_disable
                0xffff118c       0x18 arch/arm/cpu/armv7/socfpga/libsocfpga.o
                0xffff118c                watchdog_disable
 .text.is_wdt_in_reset
                0xffff11a4       0x10 arch/arm/cpu/armv7/socfpga/libsocfpga.o
                0xffff11a4                is_wdt_in_reset
 .text.reset_deassert_osc1timer0
                0xffff11b4       0x10 arch/arm/cpu/armv7/socfpga/libsocfpga.o
                0xffff11b4                reset_deassert_osc1timer0
 .text.reset_deassert_osc1wd0
                0xffff11c4       0x10 arch/arm/cpu/armv7/socfpga/libsocfpga.o
                0xffff11c4                reset_deassert_osc1wd0
 .text.reset_assert_all_bridges
                0xffff11d4       0x10 arch/arm/cpu/armv7/socfpga/libsocfpga.o
                0xffff11d4                reset_assert_all_bridges
 .text.reset_assert_all_peripherals_except_l4wd0
                0xffff11e4       0x10 arch/arm/cpu/armv7/socfpga/libsocfpga.o
                0xffff11e4                reset_assert_all_peripherals_except_l4wd0
 .text.reset_deassert_peripherals_handoff
                0xffff11f4       0x2c arch/arm/cpu/armv7/socfpga/libsocfpga.o
                0xffff11f4                reset_deassert_peripherals_handoff
 .text.reset_deassert_bridges_handoff
                0xffff1220       0x28 arch/arm/cpu/armv7/socfpga/libsocfpga.o
                0xffff1220                reset_deassert_bridges_handoff
 .text.compute_errata_rows
                0xffff1248      0x10c arch/arm/cpu/armv7/socfpga/libsocfpga.o
                0xffff1248                compute_errata_rows
 .text.sdram_set_rule
                0xffff1354       0x64 arch/arm/cpu/armv7/socfpga/libsocfpga.o
                0xffff1354                sdram_set_rule
 .text.sdram_get_rule
                0xffff13b8       0x60 arch/arm/cpu/armv7/socfpga/libsocfpga.o
                0xffff13b8                sdram_get_rule
 .text.sdram_set_protection_config
                0xffff1418       0x7c arch/arm/cpu/armv7/socfpga/libsocfpga.o
                0xffff1418                sdram_set_protection_config
 .text.sdram_dump_protection_config
                0xffff1494       0x14 arch/arm/cpu/armv7/socfpga/libsocfpga.o
                0xffff1494                sdram_dump_protection_config
 .text.sdram_calibration_full
                0xffff14a8        0x4 arch/arm/cpu/armv7/socfpga/libsocfpga.o
                0xffff14a8                sdram_calibration_full
 .text.sdram_calculate_size
                0xffff14ac       0x48 arch/arm/cpu/armv7/socfpga/libsocfpga.o
                0xffff14ac                sdram_calculate_size
 .text.sdram_mmr_init_full
                0xffff14f4      0x430 arch/arm/cpu/armv7/socfpga/libsocfpga.o
                0xffff14f4                sdram_mmr_init_full
 .text.is_fpgamgr_initdone_high
                0xffff1924       0x10 arch/arm/cpu/armv7/socfpga/libsocfpga.o
 .text.fpgamgr_get_mode
                0xffff1934       0x10 arch/arm/cpu/armv7/socfpga/libsocfpga.o
 .text.is_fpgamgr_fpga_ready
                0xffff1944       0x20 arch/arm/cpu/armv7/socfpga/libsocfpga.o
                0xffff1944                is_fpgamgr_fpga_ready
 .text.gic_dic_clear_enable_all_intr
                0xffff1964       0x28 arch/arm/cpu/armv7/socfpga/libsocfpga.o
                0xffff1964                gic_dic_clear_enable_all_intr
 .text.gic_dic_clear_pending_all_intr
                0xffff198c       0x28 arch/arm/cpu/armv7/socfpga/libsocfpga.o
                0xffff198c                gic_dic_clear_pending_all_intr
 .text.gic_dic_set_enable
                0xffff19b4       0x1c arch/arm/cpu/armv7/socfpga/libsocfpga.o
                0xffff19b4                gic_dic_set_enable
 .text.gic_dic_set_target_processor
                0xffff19d0       0x2c arch/arm/cpu/armv7/socfpga/libsocfpga.o
                0xffff19d0                gic_dic_set_target_processor
 .text.gic_dic_set_config
                0xffff19fc       0x30 arch/arm/cpu/armv7/socfpga/libsocfpga.o
                0xffff19fc                gic_dic_set_config
 .text.gic_dic_clear_pending
                0xffff1a2c       0x1c arch/arm/cpu/armv7/socfpga/libsocfpga.o
                0xffff1a2c                gic_dic_clear_pending
 .text.do_irq   0xffff1a48       0x2c arch/arm/cpu/armv7/socfpga/libsocfpga.o
                0xffff1a48                do_irq
 .text.arch_interrupt_init
                0xffff1a74       0x34 arch/arm/cpu/armv7/socfpga/libsocfpga.o
                0xffff1a74                arch_interrupt_init
 .text.irq_register
                0xffff1aa8       0x2c arch/arm/cpu/armv7/socfpga/libsocfpga.o
                0xffff1aa8                irq_register
 .text.cm_basic_init
                0xffff1ad4      0x2c8 arch/arm/cpu/armv7/socfpga/libsocfpga.o
                0xffff1ad4                cm_basic_init
 .text.cm_get_mpu_clk_hz
                0xffff1d9c       0x40 arch/arm/cpu/armv7/socfpga/libsocfpga.o
                0xffff1d9c                cm_get_mpu_clk_hz
 .text.cm_get_sdram_clk_hz
                0xffff1ddc       0x44 arch/arm/cpu/armv7/socfpga/libsocfpga.o
                0xffff1ddc                cm_get_sdram_clk_hz
 .text.cm_get_l4_sp_clk_hz
                0xffff1e20       0x8c arch/arm/cpu/armv7/socfpga/libsocfpga.o
                0xffff1e20                cm_get_l4_sp_clk_hz
 .text.cm_get_mmc_controller_clk_hz
                0xffff1eac       0x7c arch/arm/cpu/armv7/socfpga/libsocfpga.o
                0xffff1eac                cm_get_mmc_controller_clk_hz
 .text.cm_get_qspi_controller_clk_hz
                0xffff1f28       0x78 arch/arm/cpu/armv7/socfpga/libsocfpga.o
                0xffff1f28                cm_get_qspi_controller_clk_hz
 .text.cm_print_clock_quick_summary
                0xffff1fa0       0xac arch/arm/cpu/armv7/socfpga/libsocfpga.o
                0xffff1fa0                cm_print_clock_quick_summary
 .text.cm_derive_clocks_for_drivers
                0xffff204c       0x1c arch/arm/cpu/armv7/socfpga/libsocfpga.o
                0xffff204c                cm_derive_clocks_for_drivers
 .text.board_init_f
                0xffff2068       0x1c arch/arm/cpu/armv7/socfpga/libsocfpga.o
                0xffff2068                board_init_f
 .text.spl_boot_device
                0xffff2084        0x4 arch/arm/cpu/armv7/socfpga/libsocfpga.o
                0xffff2084                spl_boot_device
 .text.spl_boot_mode
                0xffff2088        0x4 arch/arm/cpu/armv7/socfpga/libsocfpga.o
                0xffff2088                spl_boot_mode
 .text.spl_board_init
                0xffff208c      0x228 arch/arm/cpu/armv7/socfpga/libsocfpga.o
                0xffff208c                spl_board_init
 .text.sys_mgr_frzctrl_freeze_req
                0xffff22b4       0x98 arch/arm/cpu/armv7/socfpga/libsocfpga.o
                0xffff22b4                sys_mgr_frzctrl_freeze_req
 .text.sys_mgr_frzctrl_thaw_req
                0xffff234c       0xe8 arch/arm/cpu/armv7/socfpga/libsocfpga.o
                0xffff234c                sys_mgr_frzctrl_thaw_req
 .text.sys_mgr_frzctrl_frzchn_is_frozen
                0xffff2434       0x14 arch/arm/cpu/armv7/socfpga/libsocfpga.o
                0xffff2434                sys_mgr_frzctrl_frzchn_is_frozen
 .text.irq_handler_ecc_ocram_corrected
                0xffff2448       0x24 arch/arm/cpu/armv7/socfpga/libsocfpga.o
                0xffff2448                irq_handler_ecc_ocram_corrected
 .text.irq_handler_ecc_ocram_uncorrected
                0xffff246c       0x28 arch/arm/cpu/armv7/socfpga/libsocfpga.o
                0xffff246c                irq_handler_ecc_ocram_uncorrected
 .text.nic301_slave_ns
                0xffff2494       0x20 arch/arm/cpu/armv7/socfpga/libsocfpga.o
                0xffff2494                nic301_slave_ns
 .text.scan_mgr_io_scan_chain_prg
                0xffff24b4      0x148 arch/arm/cpu/armv7/socfpga/libsocfpga.o
                0xffff24b4                scan_mgr_io_scan_chain_prg
 .text.sysmgr_pinmux_init
                0xffff25fc       0xbc arch/arm/cpu/armv7/socfpga/libsocfpga.o
                0xffff25fc                sysmgr_pinmux_init
 .text.sysmgr_sdmmc_pweren_mux_check
                0xffff26b8       0x18 arch/arm/cpu/armv7/socfpga/libsocfpga.o
                0xffff26b8                sysmgr_sdmmc_pweren_mux_check
 .text.cpu_mmc_init
                0xffff26d0       0x10 arch/arm/cpu/armv7/socfpga/libsocfpga.o
                0xffff26d0                cpu_mmc_init
 .text.ram_boot_setup
                0xffff26e0       0x4c arch/arm/cpu/armv7/socfpga/libsocfpga.o
                0xffff26e0                ram_boot_setup
 .text          0xffff272c       0x20 arch/arm/lib/libarm.o
                0xffff272c                _main
 .text.interrupt_init
                0xffff274c       0x20 arch/arm/lib/libarm.o
                0xffff274c                interrupt_init
 .text.enable_interrupts
                0xffff276c        0xe arch/arm/lib/libarm.o
                0xffff276c                enable_interrupts
 *fill*         0xffff277a        0x2 
 .text.checkboard
                0xffff277c       0x10 board/altera/socfpga/libsocfpga.o
                0xffff277c                checkboard
 .text.set_failing_group_stage
                0xffff278c       0x18 board/altera/socfpga/sdram/libsocfpga-sdram.o
 .text.scc_mgr_set_oct_out1_delay
                0xffff27a4       0x94 board/altera/socfpga/sdram/libsocfpga-sdram.o
 .text.initialize
                0xffff2838       0x40 board/altera/socfpga/sdram/libsocfpga-sdram.o
                0xffff2838                initialize
 .text.set_rank_and_odt_mask
                0xffff2878       0x20 board/altera/socfpga/sdram/libsocfpga-sdram.o
                0xffff2878                set_rank_and_odt_mask
 .text.scc_mgr_initialize
                0xffff2898       0x20 board/altera/socfpga/sdram/libsocfpga-sdram.o
                0xffff2898                scc_mgr_initialize
 .text.scc_mgr_set_dqs_en_phase_all_ranks
                0xffff28b8       0x8c board/altera/socfpga/sdram/libsocfpga-sdram.o
                0xffff28b8                scc_mgr_set_dqs_en_phase_all_ranks
 .text.scc_mgr_set_dqdqs_output_phase_all_ranks
                0xffff2944       0x8c board/altera/socfpga/sdram/libsocfpga-sdram.o
                0xffff2944                scc_mgr_set_dqdqs_output_phase_all_ranks
 .text.scc_mgr_set_dqs_en_delay_all_ranks
                0xffff29d0       0x8c board/altera/socfpga/sdram/libsocfpga-sdram.o
                0xffff29d0                scc_mgr_set_dqs_en_delay_all_ranks
 .text.scc_mgr_zero_all
                0xffff2a5c       0x84 board/altera/socfpga/sdram/libsocfpga-sdram.o
                0xffff2a5c                scc_mgr_zero_all
 .text.scc_set_bypass_mode
                0xffff2ae0       0x28 board/altera/socfpga/sdram/libsocfpga-sdram.o
                0xffff2ae0                scc_set_bypass_mode
 .text.scc_mgr_load_dqs_for_write_group
                0xffff2b08       0x1c board/altera/socfpga/sdram/libsocfpga-sdram.o
                0xffff2b08                scc_mgr_load_dqs_for_write_group
 .text.scc_mgr_zero_group
                0xffff2b24       0x84 board/altera/socfpga/sdram/libsocfpga-sdram.o
                0xffff2b24                scc_mgr_zero_group
 .text.scc_mgr_apply_group_dq_in_delay
                0xffff2ba8       0x98 board/altera/socfpga/sdram/libsocfpga-sdram.o
                0xffff2ba8                scc_mgr_apply_group_dq_in_delay
 .text.scc_mgr_apply_group_dq_out1_delay
                0xffff2c40       0x28 board/altera/socfpga/sdram/libsocfpga-sdram.o
                0xffff2c40                scc_mgr_apply_group_dq_out1_delay
 .text.scc_mgr_apply_group_dm_out1_delay
                0xffff2c68       0x10 board/altera/socfpga/sdram/libsocfpga-sdram.o
                0xffff2c68                scc_mgr_apply_group_dm_out1_delay
 .text.scc_mgr_apply_group_dqs_io_and_oct_out1
                0xffff2c78       0x20 board/altera/socfpga/sdram/libsocfpga-sdram.o
                0xffff2c78                scc_mgr_apply_group_dqs_io_and_oct_out1
 .text.scc_mgr_apply_group_all_out_delay_add
                0xffff2c98       0x58 board/altera/socfpga/sdram/libsocfpga-sdram.o
                0xffff2c98                scc_mgr_apply_group_all_out_delay_add
 .text.scc_mgr_apply_group_all_out_delay_add_all_ranks
                0xffff2cf0       0x14 board/altera/socfpga/sdram/libsocfpga-sdram.o
                0xffff2cf0                scc_mgr_apply_group_all_out_delay_add_all_ranks
 .text.set_jump_as_return
                0xffff2d04       0x14 board/altera/socfpga/sdram/libsocfpga-sdram.o
                0xffff2d04                set_jump_as_return
 .text.rw_mgr_mem_initialize
                0xffff2d18      0x124 board/altera/socfpga/sdram/libsocfpga-sdram.o
                0xffff2d18                rw_mgr_mem_initialize
 .text.rw_mgr_mem_handoff
                0xffff2e3c       0x7c board/altera/socfpga/sdram/libsocfpga-sdram.o
                0xffff2e3c                rw_mgr_mem_handoff
 .text.rw_mgr_mem_calibrate_read_test_patterns
                0xffff2eb8      0x18c board/altera/socfpga/sdram/libsocfpga-sdram.o
                0xffff2eb8                rw_mgr_mem_calibrate_read_test_patterns
 .text.rw_mgr_mem_calibrate_read_test_patterns_all_ranks
                0xffff3044       0x48 board/altera/socfpga/sdram/libsocfpga-sdram.o
                0xffff3044                rw_mgr_mem_calibrate_read_test_patterns_all_ranks
 .text.rw_mgr_mem_calibrate_read_load_patterns
                0xffff308c       0x88 board/altera/socfpga/sdram/libsocfpga-sdram.o
                0xffff308c                rw_mgr_mem_calibrate_read_load_patterns
 .text.rw_mgr_mem_calibrate_read_test
                0xffff3114      0x230 board/altera/socfpga/sdram/libsocfpga-sdram.o
                0xffff3114                rw_mgr_mem_calibrate_read_test
 .text.rw_mgr_decr_vfifo
                0xffff3344       0x1c board/altera/socfpga/sdram/libsocfpga-sdram.o
                0xffff3344                rw_mgr_decr_vfifo
 .text.rw_mgr_mem_calibrate_vfifo_find_dqs_en_phase
                0xffff3360      0x37c board/altera/socfpga/sdram/libsocfpga-sdram.o
                0xffff3360                rw_mgr_mem_calibrate_vfifo_find_dqs_en_phase
 .text.rw_mgr_mem_calibrate_lfifo
                0xffff36dc       0xa8 board/altera/socfpga/sdram/libsocfpga-sdram.o
                0xffff36dc                rw_mgr_mem_calibrate_lfifo
 .text.rw_mgr_mem_calibrate_write_test_issue
                0xffff3784      0x120 board/altera/socfpga/sdram/libsocfpga-sdram.o
                0xffff3784                rw_mgr_mem_calibrate_write_test_issue
 .text.rw_mgr_mem_calibrate_write_test
                0xffff38a4       0x9c board/altera/socfpga/sdram/libsocfpga-sdram.o
                0xffff38a4                rw_mgr_mem_calibrate_write_test
 .text.rw_mgr_mem_calibrate_vfifo_center
                0xffff3940      0x700 board/altera/socfpga/sdram/libsocfpga-sdram.o
                0xffff3940                rw_mgr_mem_calibrate_vfifo_center
 .text.rw_mgr_mem_calibrate_vfifo
                0xffff4040      0x3c0 board/altera/socfpga/sdram/libsocfpga-sdram.o
                0xffff4040                rw_mgr_mem_calibrate_vfifo
 .text.rw_mgr_mem_calibrate_vfifo_end
                0xffff4400       0x64 board/altera/socfpga/sdram/libsocfpga-sdram.o
                0xffff4400                rw_mgr_mem_calibrate_vfifo_end
 .text.rw_mgr_mem_calibrate_writes_center
                0xffff4464      0x3d0 board/altera/socfpga/sdram/libsocfpga-sdram.o
                0xffff4464                rw_mgr_mem_calibrate_writes_center
 .text.rw_mgr_mem_calibrate_writes
                0xffff4834       0x48 board/altera/socfpga/sdram/libsocfpga-sdram.o
                0xffff4834                rw_mgr_mem_calibrate_writes
 .text.mem_precharge_and_activate
                0xffff487c       0x48 board/altera/socfpga/sdram/libsocfpga-sdram.o
                0xffff487c                mem_precharge_and_activate
 .text.mem_config
                0xffff48c4       0x50 board/altera/socfpga/sdram/libsocfpga-sdram.o
                0xffff48c4                mem_config
 .text.mem_skip_calibrate
                0xffff4914       0xd0 board/altera/socfpga/sdram/libsocfpga-sdram.o
                0xffff4914                mem_skip_calibrate
 .text.mem_calibrate
                0xffff49e4      0x148 board/altera/socfpga/sdram/libsocfpga-sdram.o
                0xffff49e4                mem_calibrate
 .text.run_mem_calibrate
                0xffff4b2c       0xe4 board/altera/socfpga/sdram/libsocfpga-sdram.o
                0xffff4b2c                run_mem_calibrate
 .text.hc_initialize_rom_data
                0xffff4c10      0x134 board/altera/socfpga/sdram/libsocfpga-sdram.o
                0xffff4c10                hc_initialize_rom_data
 .text.initialize_reg_file
                0xffff4d44       0x2c board/altera/socfpga/sdram/libsocfpga-sdram.o
                0xffff4d44                initialize_reg_file
 .text.initialize_hps_phy
                0xffff4d70       0x20 board/altera/socfpga/sdram/libsocfpga-sdram.o
                0xffff4d70                initialize_hps_phy
 .text.initialize_tracking
                0xffff4d90       0x40 board/altera/socfpga/sdram/libsocfpga-sdram.o
                0xffff4d90                initialize_tracking
 .text.sdram_calibration
                0xffff4dd0       0x74 board/altera/socfpga/sdram/libsocfpga-sdram.o
                0xffff4dd0                sdram_calibration
 .text.puts     0xffff4e44       0x28 common/libcommon.o
                0xffff4e44                puts
 .text.printf   0xffff4e6c       0x2c common/libcommon.o
                0xffff4e6c                printf
 .text.sbrk     0xffff4e98       0x40 common/libcommon.o
                0xffff4e98                sbrk
 .text.mem_malloc_init
                0xffff4ed8       0x28 common/libcommon.o
                0xffff4ed8                mem_malloc_init
 .text.malloc_trim
                0xffff4f00       0x84 common/libcommon.o
                0xffff4f00                malloc_trim
 .text.free     0xffff4f84      0x15c common/libcommon.o
                0xffff4f84                free
 .text.malloc   0xffff50e0      0x3ec common/libcommon.o
                0xffff50e0                malloc
 .text.calloc   0xffff54cc       0x84 common/libcommon.o
                0xffff54cc                calloc
 .text.memalign
                0xffff5550       0xc2 common/libcommon.o
                0xffff5550                memalign
 *fill*         0xffff5612        0x2 
 .text.hang     0xffff5614       0x10 common/spl/libspl.o
                0xffff5614                hang
 .text.spl_parse_image_header
                0xffff5624       0x74 common/spl/libspl.o
                0xffff5624                spl_parse_image_header
 .text.jump_to_image_no_args
                0xffff5698       0x54 common/spl/libspl.o
                0xffff5698                jump_to_image_no_args
 .text.board_init_r
                0xffff56ec       0x40 common/spl/libspl.o
                0xffff56ec                board_init_r
 .text.preloader_console_init
                0xffff572c       0x2c common/spl/libspl.o
                0xffff572c                preloader_console_init
 .text.init_part
                0xffff5758       0x14 disk/libdisk.o
                0xffff5758                init_part
 .text.get_partition_info
                0xffff576c       0x1c disk/libdisk.o
                0xffff576c                get_partition_info
 .text.test_block_type
                0xffff5788       0x48 disk/libdisk.o
 .text.get_partition_info_extended.constprop.1
                0xffff57d0      0x1bc disk/libdisk.o
 .text.test_part_dos
                0xffff598c       0x42 disk/libdisk.o
                0xffff598c                test_part_dos
 .text.get_partition_info_dos
                0xffff59ce       0x16 disk/libdisk.o
                0xffff59ce                get_partition_info_dos
 .text.spl_mmc_load_image
                0xffff59e4      0x190 drivers/mmc/libmmc.o
                0xffff59e4                spl_mmc_load_image
 .text.mmc_set_ios
                0xffff5b74        0x6 drivers/mmc/libmmc.o
 .text.mmc_send_cmd
                0xffff5b7a       0x22 drivers/mmc/libmmc.o
 .text.mmc_send_ext_csd
                0xffff5b9c       0x2e drivers/mmc/libmmc.o
 .text.mmc_go_idle
                0xffff5bca       0x32 drivers/mmc/libmmc.o
 .text.mmc_send_status.constprop.5
                0xffff5bfc       0x84 drivers/mmc/libmmc.o
 .text.mmc_switch.isra.0
                0xffff5c80       0x30 drivers/mmc/libmmc.o
 .text.__board_mmc_getcd
                0xffff5cb0        0x6 drivers/mmc/libmmc.o
                0xffff5cb0                __board_mmc_getcd
                0xffff5cb0                board_mmc_getcd
 *fill*         0xffff5cb6        0x2 
 .text.find_mmc_device
                0xffff5cb8       0x30 drivers/mmc/libmmc.o
                0xffff5cb8                find_mmc_device
 .text.mmc_berase
                0xffff5ce8      0x104 drivers/mmc/libmmc.o
 .text.mmc_bwrite
                0xffff5dec       0xf4 drivers/mmc/libmmc.o
 .text.mmc_bread
                0xffff5ee0       0xe4 drivers/mmc/libmmc.o
 .text.mmc_getcd
                0xffff5fc4       0x1c drivers/mmc/libmmc.o
                0xffff5fc4                mmc_getcd
 .text.mmc_set_clock
                0xffff5fe0       0x16 drivers/mmc/libmmc.o
                0xffff5fe0                mmc_set_clock
 *fill*         0xffff5ff6        0x2 
 .text.mmc_startup
                0xffff5ff8      0x660 drivers/mmc/libmmc.o
 .text.mmc_register
                0xffff6658       0x60 drivers/mmc/libmmc.o
                0xffff6658                mmc_register
 .text.mmc_init
                0xffff66b8      0x224 drivers/mmc/libmmc.o
                0xffff66b8                mmc_init
 .text.__def_mmc_init
                0xffff68dc        0x6 drivers/mmc/libmmc.o
                0xffff68dc                board_mmc_init
 *fill*         0xffff68e2        0x2 
 .text.print_mmc_devices
                0xffff68e4       0x50 drivers/mmc/libmmc.o
                0xffff68e4                print_mmc_devices
 .text.mmc_initialize
                0xffff6934       0x30 drivers/mmc/libmmc.o
                0xffff6934                mmc_initialize
 .text.dwmci_set_ios
                0xffff6964       0xac drivers/mmc/libmmc.o
 .text.dwmci_send_cmd
                0xffff6a10      0x1d4 drivers/mmc/libmmc.o
 .text.dwmci_init
                0xffff6be4       0x6c drivers/mmc/libmmc.o
 .text.add_dwmci
                0xffff6c50       0x98 drivers/mmc/libmmc.o
                0xffff6c50                add_dwmci
 .text.altera_dwmci_clksel
                0xffff6ce8       0x24 drivers/mmc/libmmc.o
 .text.altera_dwmmc_init
                0xffff6d0c       0x58 drivers/mmc/libmmc.o
                0xffff6d0c                altera_dwmmc_init
 .text.NS16550_init
                0xffff6d64       0x30 drivers/serial/libserial.o
                0xffff6d64                NS16550_init
 .text.NS16550_reinit
                0xffff6d94       0x30 drivers/serial/libserial.o
                0xffff6d94                NS16550_reinit
 .text.NS16550_putc
                0xffff6dc4       0x14 drivers/serial/libserial.o
                0xffff6dc4                NS16550_putc
 .text.NS16550_getc
                0xffff6dd8       0x18 drivers/serial/libserial.o
                0xffff6dd8                NS16550_getc
 .text.NS16550_tstc
                0xffff6df0        0xa drivers/serial/libserial.o
                0xffff6df0                NS16550_tstc
 *fill*         0xffff6dfa        0x2 
 .text.get_current
                0xffff6dfc       0x2c drivers/serial/libserial.o
 .text.serial_init
                0xffff6e28        0xe drivers/serial/libserial.o
                0xffff6e28                serial_init
 .text.serial_puts
                0xffff6e36       0x12 drivers/serial/libserial.o
                0xffff6e36                serial_puts
 .text.calc_divisor.isra.0
                0xffff6e48       0x20 drivers/serial/libserial.o
 .text.eserial1_init
                0xffff6e68       0x18 drivers/serial/libserial.o
 .text._serial_putc
                0xffff6e80       0x2c drivers/serial/libserial.o
                0xffff6e80                _serial_putc
 .text.eserial1_putc
                0xffff6eac        0x6 drivers/serial/libserial.o
 .text._serial_puts
                0xffff6eb2       0x16 drivers/serial/libserial.o
                0xffff6eb2                _serial_puts
 .text.eserial1_puts
                0xffff6ec8        0x6 drivers/serial/libserial.o
 *fill*         0xffff6ece        0x2 
 .text._serial_getc
                0xffff6ed0       0x14 drivers/serial/libserial.o
                0xffff6ed0                _serial_getc
 .text.eserial1_getc
                0xffff6ee4        0x6 drivers/serial/libserial.o
 *fill*         0xffff6eea        0x2 
 .text._serial_tstc
                0xffff6eec       0x10 drivers/serial/libserial.o
                0xffff6eec                _serial_tstc
 .text.eserial1_tstc
                0xffff6efc        0x6 drivers/serial/libserial.o
 *fill*         0xffff6f02        0x2 
 .text._serial_setbrg
                0xffff6f04       0x20 drivers/serial/libserial.o
                0xffff6f04                _serial_setbrg
 .text.eserial1_setbrg
                0xffff6f24        0x6 drivers/serial/libserial.o
 *fill*         0xffff6f2a        0x2 
 .text.default_serial_console
                0xffff6f2c        0x8 drivers/serial/libserial.o
                0xffff6f2c                default_serial_console
 .text.designware_wdt_settimeout
                0xffff6f34       0x34 drivers/watchdog/libwatchdog.o
                0xffff6f34                designware_wdt_settimeout
 .text.hw_watchdog_reset
                0xffff6f68       0x18 drivers/watchdog/libwatchdog.o
                0xffff6f68                hw_watchdog_reset
 .text.hw_watchdog_init
                0xffff6f80       0x20 drivers/watchdog/libwatchdog.o
                0xffff6f80                hw_watchdog_init
 .text.crc32_no_comp
                0xffff6fa0       0x8c lib/libgeneric.o
                0xffff6fa0                crc32_no_comp
 .text.crc32    0xffff702c        0xc lib/libgeneric.o
                0xffff702c                crc32
 .text.crc32_wd
                0xffff7038       0x32 lib/libgeneric.o
                0xffff7038                crc32_wd
 .text.__div64_32
                0xffff706a       0x7e lib/libgeneric.o
                0xffff706a                __div64_32
 .text.strcpy   0xffff70e8       0x10 lib/libgeneric.o
                0xffff70e8                strcpy
 .text.strcmp   0xffff70f8       0x16 lib/libgeneric.o
                0xffff70f8                strcmp
 .text.strncmp  0xffff710e       0x22 lib/libgeneric.o
                0xffff710e                strncmp
 .text.strnlen  0xffff7130       0x18 lib/libgeneric.o
                0xffff7130                strnlen
 .text.memset   0xffff7148       0x42 lib/libgeneric.o
                0xffff7148                memset
 .text.memcpy   0xffff718a       0x48 lib/libgeneric.o
                0xffff718a                memcpy
 .text.memcmp   0xffff71d2       0x1e lib/libgeneric.o
                0xffff71d2                memcmp
 .text.udelay   0xffff71f0       0x24 lib/libgeneric.o
                0xffff71f0                udelay
 .text.put_dec_trunc
                0xffff7214       0x96 lib/libgeneric.o
 *fill*         0xffff72aa        0x2 
 .text.put_dec  0xffff72ac       0xec lib/libgeneric.o
 .text.string.isra.0
                0xffff7398       0x60 lib/libgeneric.o
 .text.number.isra.4
                0xffff73f8      0x1ac lib/libgeneric.o
 .text.vsnprintf_internal.isra.6
                0xffff75a4      0x3c8 lib/libgeneric.o
 .text.vsprintf
                0xffff796c        0x4 lib/libgeneric.o
                0xffff796c                vsprintf
 .text.sprintf  0xffff7970       0x1a lib/libgeneric.o
                0xffff7970                sprintf
 *fill*         0xffff798a        0x2 
 .text          0xffff798c      0x114 /media/lampa/42583FF2583FE379/intelFPGA_lite/17.1/embedded/host_tools/mentor/gnu/arm/baremetal/bin/../lib/gcc/arm-altera-eabi/6.2.0/libgcc.a(_udivsi3.o)
                0xffff798c                __udivsi3
                0xffff798c                __aeabi_uidiv
                0xffff7a80                __aeabi_uidivmod
 .text          0xffff7aa0        0x4 /media/lampa/42583FF2583FE379/intelFPGA_lite/17.1/embedded/host_tools/mentor/gnu/arm/baremetal/bin/../lib/gcc/arm-altera-eabi/6.2.0/libgcc.a(_dvmd_tls.o)
                0xffff7aa0                __aeabi_ldiv0
                0xffff7aa0                __aeabi_idiv0
 .text          0xffff7aa4       0x1c /media/lampa/42583FF2583FE379/intelFPGA_lite/17.1/embedded/host_tools/mentor/gnu/arm/baremetal/bin/../lib/gcc/arm-altera-eabi/6.2.0/libgcc.a(_lshrdi3.o)
                0xffff7aa4                __aeabi_llsr
                0xffff7aa4                __lshrdi3
 .text          0xffff7ac0       0x1c /media/lampa/42583FF2583FE379/intelFPGA_lite/17.1/embedded/host_tools/mentor/gnu/arm/baremetal/bin/../lib/gcc/arm-altera-eabi/6.2.0/libgcc.a(_ashldi3.o)
                0xffff7ac0                __ashldi3
                0xffff7ac0                __aeabi_llsl

.glue_7         0xffff7adc        0x0
 .glue_7        0xffff7adc        0x0 linker stubs

.glue_7t        0xffff7adc        0x0
 .glue_7t       0xffff7adc        0x0 linker stubs

.vfp11_veneer   0xffff7adc        0x0
 .vfp11_veneer  0xffff7adc        0x0 linker stubs

.v4_bx          0xffff7adc        0x0
 .v4_bx         0xffff7adc        0x0 linker stubs

.iplt           0xffff7adc        0x0
 .iplt          0xffff7adc        0x0 arch/arm/cpu/armv7/start.o
                0xffff7adc                . = ALIGN (0x4)

.rodata         0xffff7adc     0x1a97
 *(SORT(.rodata*))
 .rodata        0xffff7adc       0x68 arch/arm/cpu/armv7/socfpga/libsocfpga.o
 .rodata.ac_rom_init
                0xffff7b44       0x90 board/altera/socfpga/sdram/libsocfpga-sdram.o
                0xffff7b44                ac_rom_init
 .rodata.ac_rom_init_size
                0xffff7bd4        0x4 board/altera/socfpga/sdram/libsocfpga-sdram.o
                0xffff7bd4                ac_rom_init_size
 .rodata.crc_table
                0xffff7bd8      0x400 lib/libgeneric.o
 .rodata.ext_csd_bits.6485
                0xffff7fd8        0xc drivers/mmc/libmmc.o
 .rodata.ext_to_hostcaps.6486
                0xffff7fe4        0xc drivers/mmc/libmmc.o
 .rodata.fbase  0xffff7ff0       0x10 drivers/mmc/libmmc.o
 .rodata.inst_rom_init
                0xffff8000      0x1fc board/altera/socfpga/sdram/libsocfpga-sdram.o
                0xffff8000                inst_rom_init
 .rodata.inst_rom_init_size
                0xffff81fc        0x4 board/altera/socfpga/sdram/libsocfpga-sdram.o
                0xffff81fc                inst_rom_init_size
 .rodata.iocsr_scan_chain0_table
                0xffff8200       0x60 board/altera/socfpga/libsocfpga.o
                0xffff8200                iocsr_scan_chain0_table
 .rodata.iocsr_scan_chain1_table
                0xffff8260       0xd8 board/altera/socfpga/libsocfpga.o
                0xffff8260                iocsr_scan_chain1_table
 .rodata.iocsr_scan_chain2_table
                0xffff8338       0x78 board/altera/socfpga/libsocfpga.o
                0xffff8338                iocsr_scan_chain2_table
 .rodata.iocsr_scan_chain3_table
                0xffff83b0      0x830 board/altera/socfpga/libsocfpga.o
                0xffff83b0                iocsr_scan_chain3_table
 .rodata.multipliers
                0xffff8be0       0x40 drivers/mmc/libmmc.o
 .rodata.serial_ports
                0xffff8c20       0x18 drivers/serial/libserial.o
 .rodata.widths.6487
                0xffff8c38        0xc drivers/mmc/libmmc.o
 .rodata._ctype
                0xffff8c44      0x100 lib/libgeneric.o
                0xffff8c44                _ctype
 .rodata.add_dwmci.str1.1
                0xffff8d44       0x15 drivers/mmc/libmmc.o
 .rodata.altera_dwmmc_init.str1.1
                0xffff8d59       0x26 drivers/mmc/libmmc.o
 .rodata.checkboard.str1.1
                0xffff8d7f       0x28 board/altera/socfpga/libsocfpga.o
 .rodata.cm_print_clock_quick_summary.str1.1
                0xffff8da7       0xfc arch/arm/cpu/armv7/socfpga/libsocfpga.o
 .rodata.compute_errata_rows.str1.1
                0xffff8ea3       0x75 arch/arm/cpu/armv7/socfpga/libsocfpga.o
 .rodata.digits.6073
                0xffff8f18       0x10 lib/libgeneric.o
 .rodata.do_fat_read_at.str1.1
                0xffff8f28       0x83 fs/fat/libfat.o
                                 0x84 (size before relaxing)
 .rodata.dwmci_send_cmd.str1.1
                0xffff8fab       0x16 drivers/mmc/libmmc.o
 .rodata.dwmci_set_ios.str1.1
                0xffff8fc1       0x32 drivers/mmc/libmmc.o
 .rodata.fat_register_device.str1.1
                0xffff8ff3       0x2b fs/fat/libfat.o
 .rodata.fat_set_blk_dev.str1.1
                0xffff901e        0xd fs/fat/libfat.o
 .rodata.file_fat_read_at.str1.1
                0xffff902b        0xc fs/fat/libfat.o
 .rodata.find_mmc_device.str1.1
                0xffff9037       0x19 drivers/mmc/libmmc.o
 .rodata.get_cluster.str1.1
                0xffff9050       0x25 fs/fat/libfat.o
 .rodata.get_current.str1.1
                0xffff9075       0x15 drivers/serial/libserial.o
 .rodata.get_partition_info_extended.constprop.1.str1.1
                0xffff908a       0x27 disk/libdisk.o
                                 0x2e (size before relaxing)
 .rodata.get_vfatname.str1.1
                0xffff90b1       0x13 fs/fat/libfat.o
 .rodata.hang.str1.1
                0xffff90c4       0x2a common/spl/libspl.o
 .rodata.hex_asc
                0xffff90ee       0x11 lib/libgeneric.o
 .rodata.irq_handler_ecc_ocram_corrected.str1.1
                0xffff90ff       0x24 arch/arm/cpu/armv7/socfpga/libsocfpga.o
 .rodata.irq_handler_ecc_ocram_uncorrected.str1.1
                0xffff9123       0x27 arch/arm/cpu/armv7/socfpga/libsocfpga.o
 .rodata.jump_to_image_no_args.str1.1
                0xffff914a       0x1f common/spl/libspl.o
 .rodata.mmc_berase.str1.1
                0xffff9169       0x6f drivers/mmc/libmmc.o
 .rodata.mmc_bwrite.str1.1
                0xffff91d8       0x59 drivers/mmc/libmmc.o
 .rodata.mmc_init.str1.1
                0xffff9231       0x3f drivers/mmc/libmmc.o
 .rodata.mmc_send_status.constprop.5.str1.1
                0xffff9270       0x32 drivers/mmc/libmmc.o
 .rodata.mmc_startup.str1.1
                0xffff92a2       0x29 drivers/mmc/libmmc.o
 .rodata.preloader_console_init.str1.1
                0xffff92cb       0x31 common/spl/libspl.o
 .rodata.print_mmc_devices.str1.1
                0xffff92fc        0xb drivers/mmc/libmmc.o
                                  0xd (size before relaxing)
 .rodata.print_partition_extended.str1.1
                0xffff9307       0x80 disk/libdisk.o
                                 0x81 (size before relaxing)
 .rodata.read_bootsectandvi.str1.1
                0xffff9387       0x1b fs/fat/libfat.o
 .rodata.run_mem_calibrate.str1.1
                0xffff93a2       0x36 board/altera/socfpga/sdram/libsocfpga-sdram.o
 .rodata.sdram_calibration.str1.1
                0xffff93d8       0x2e board/altera/socfpga/sdram/libsocfpga-sdram.o
 .rodata.spl_board_init.str1.1
                0xffff9406       0x7e arch/arm/cpu/armv7/socfpga/libsocfpga.o
 .rodata.spl_mmc_load_image.str1.1
                0xffff9484       0xe1 drivers/mmc/libmmc.o
 .rodata.spl_parse_image_header.str1.1
                0xffff9565        0x7 common/spl/libspl.o
 .rodata.string.isra.0.str1.1
                0xffff956c        0x7 lib/libgeneric.o
 .rodata.test_block_type.str1.1
                0xffff9573        0xa disk/libdisk.o

.rel.dyn        0xffff9574        0x0
 .rel.iplt      0xffff9574        0x0 arch/arm/cpu/armv7/start.o
                0xffff9574                . = ALIGN (0x4)

.data           0xffff9578      0xed4
 *(SORT(.data*))
 .data          0xffff9578       0x80 arch/arm/lib/libarm.o
                0xffff9578                gdata
 .data          0xffff95f8       0x14 arch/arm/cpu/armv7/socfpga/libsocfpga.o
                0xffff95f8                cm_l4_sp_clock
                0xffff95fc                cm_sdmmc_clock
                0xffff9600                cm_qspi_clock
                0xffff9604                rst_mgr_status
                0xffff9608                debug_memory_write_addr
 .data.interrupt_vectors
                0xffff960c      0x6a0 arch/arm/cpu/armv7/socfpga/libsocfpga.o
                0xffff960c                interrupt_vectors
 .data.sys_mgr_init_table
                0xffff9cac      0x33c board/altera/socfpga/libsocfpga.o
                0xffff9cac                sys_mgr_init_table
 .data.av_      0xffff9fe8      0x408 common/libcommon.o
 .data.sbrk_base
                0xffffa3f0        0x4 common/libcommon.o
 .data.trim_threshold
                0xffffa3f4        0x4 common/libcommon.o
 .data          0xffffa3f8       0x20 common/spl/libspl.o
 .data.cur_dev_num
                0xffffa418        0x4 drivers/mmc/libmmc.o
 .data.eserial1_device
                0xffffa41c       0x30 drivers/serial/libserial.o
                0xffffa41c                eserial1_device
                0xffffa44c                __ecc_padding_start = .

.igot.plt       0xffffa44c        0x0
 .igot.plt      0xffffa44c        0x0 arch/arm/cpu/armv7/start.o
                0xffffa44c                . = ALIGN (0x4)
                0xffffa44c                __image_copy_end = .
                0xffffa44c                _end = .

.bss_fat        0x01f00000    0x30080
                0x01f00000                __bss_fat_start = .
 fs/fat/libfat.o(.bss*)
 .bss.cur_dev   0x01f00000        0x4 fs/fat/libfat.o
 .bss.cur_part_info
                0x01f00004       0x50 fs/fat/libfat.o
 *fill*         0x01f00054       0x2c 
 .bss.do_fat_read_at_block
                0x01f00080    0x10000 fs/fat/libfat.o
                0x01f00080                do_fat_read_at_block
 .bss.get_contents_vfatname_block
                0x01f10080    0x10000 fs/fat/libfat.o
                0x01f10080                get_contents_vfatname_block
 .bss.get_dentfromdir_block
                0x01f20080    0x10000 fs/fat/libfat.o
                0x01f20080                get_dentfromdir_block
                0x01f30080                __bss_fat_end = .

.bss            0xffffa44c       0xa4
                0xffffa44c                . = ALIGN (0x4)
                0xffffa44c                __bss_start = .
 *(.bss*)
 .bss.frzctrl_channel_freeze
                0xffffa44c       0x10 arch/arm/cpu/armv7/socfpga/libsocfpga.o
 .bss.irq_cnt_ecc_ocram_corrected
                0xffffa45c        0x4 arch/arm/cpu/armv7/socfpga/libsocfpga.o
                0xffffa45c                irq_cnt_ecc_ocram_corrected
 .bss.irq_cnt_ecc_ocram_uncorrected
                0xffffa460        0x4 arch/arm/cpu/armv7/socfpga/libsocfpga.o
                0xffffa460                irq_cnt_ecc_ocram_uncorrected
 .bss.dyn_calib_steps
                0xffffa464        0x2 board/altera/socfpga/sdram/libsocfpga-sdram.o
                0xffffa464                dyn_calib_steps
 *fill*         0xffffa466        0x2 
 .bss.gbl       0xffffa468        0x4 board/altera/socfpga/sdram/libsocfpga-sdram.o
                0xffffa468                gbl
 .bss.param     0xffffa46c        0x4 board/altera/socfpga/sdram/libsocfpga-sdram.o
                0xffffa46c                param
 .bss.skip_delay_mask
                0xffffa470        0x2 board/altera/socfpga/sdram/libsocfpga-sdram.o
                0xffffa470                skip_delay_mask
 *fill*         0xffffa472        0x2 
 .bss.current_mallinfo
                0xffffa474       0x28 common/libcommon.o
 .bss.max_sbrked_mem
                0xffffa49c        0x4 common/libcommon.o
 .bss.max_total_mem
                0xffffa4a0        0x4 common/libcommon.o
 .bss.mem_malloc_brk
                0xffffa4a4        0x4 common/libcommon.o
                0xffffa4a4                mem_malloc_brk
 .bss.mem_malloc_end
                0xffffa4a8        0x4 common/libcommon.o
                0xffffa4a8                mem_malloc_end
 .bss.mem_malloc_start
                0xffffa4ac        0x4 common/libcommon.o
                0xffffa4ac                mem_malloc_start
 .bss.top_pad   0xffffa4b0        0x4 common/libcommon.o
 .bss.stdio_devices
                0xffffa4b4        0xc common/libcommon.o
                0xffffa4b4                stdio_devices
 .bss.boot_params_ptr
                0xffffa4c0        0x4 common/spl/libspl.o
                0xffffa4c0                boot_params_ptr
 .bss.spl_image
                0xffffa4c4       0x20 common/spl/libspl.o
                0xffffa4c4                spl_image
 .bss.mmc_devices
                0xffffa4e4        0x8 drivers/mmc/libmmc.o
 .bss.serial_current
                0xffffa4ec        0x4 drivers/serial/libserial.o
                0xffffa4f0                . = ALIGN (0x4)
                0xffffa4f0                __bss_end__ = .
                0xffffa4f0                __malloc_start = .
                0xffffa4f0                __malloc_end = .

.malloc         0x01f30080     0x1400
                0x01f30080                __malloc_fat_start = .
                0x01f31480                . = (. + 0x1400)
 *fill*         0x01f30080     0x1400 
                0x01f31480                __malloc_fat_end = .

.stack          0xffffa4f0     0x1400
                0xffffb8f0                . = (. + 0x1400)
 *fill*         0xffffa4f0     0x1400 
                0xffffb8f0                . = ALIGN (0x8)
                0xffffb8f0                __stack_start = .

.spl_irq_stack  0xffffb8f0      0x408
                0xffffbcf0                . = (. + 0x400)
 *fill*         0xffffb8f0      0x400 
                0xffffbcf0                . = ALIGN (0x8)
                0xffffbcf0                __irq_stack_start = .
                0xffffbcf8                . = (. + 0x8)
 *fill*         0xffffbcf0        0x8 
                0xffffbcf8                __ecc_padding_end = .

.sdram_stack    0x01f31480    0x20000
                0x01f31480                __sdram_stack_end = .
                0x01f51480                . = (. + 0x20000)
 *fill*         0x01f31480    0x20000 
                0x01f51480                __sdram_stack_start = .
Address of section .text set to 0xffff0000
LOAD arch/arm/cpu/armv7/start.o
START GROUP
LOAD arch/arm/cpu/armv7/libarmv7.o
LOAD arch/arm/cpu/armv7/socfpga/libsocfpga.o
LOAD arch/arm/lib/libarm.o
LOAD board/altera/socfpga/libsocfpga.o
LOAD board/altera/socfpga/sdram/libsocfpga-sdram.o
LOAD common/libcommon.o
LOAD common/spl/libspl.o
LOAD disk/libdisk.o
LOAD drivers/dma/libdma.o
LOAD drivers/mmc/libmmc.o
LOAD drivers/serial/libserial.o
LOAD drivers/watchdog/libwatchdog.o
LOAD fs/fat/libfat.o
LOAD lib/libgeneric.o
END GROUP
LOAD /home/lampa/Desktop/curl/curl_fpga/software/spl_bsp/uboot-socfpga/spl/arch/arm/lib/eabi_compat.o
LOAD /media/lampa/42583FF2583FE379/intelFPGA_lite/17.1/embedded/host_tools/mentor/gnu/arm/baremetal/bin/../lib/gcc/arm-altera-eabi/6.2.0/libgcc.a
OUTPUT(u-boot-spl elf32-littlearm)

.ARM.attributes
                0x00000000       0x29
 .ARM.attributes
                0x00000000       0x1d arch/arm/cpu/armv7/start.o
 .ARM.attributes
                0x0000001d       0x2d fs/fat/libfat.o
 .ARM.attributes
                0x0000004a       0x2b arch/arm/cpu/armv7/libarmv7.o
 .ARM.attributes
                0x00000075       0x2b arch/arm/cpu/armv7/socfpga/libsocfpga.o
 .ARM.attributes
                0x000000a0       0x29 arch/arm/lib/libarm.o
 .ARM.attributes
                0x000000c9       0x2d board/altera/socfpga/libsocfpga.o
 .ARM.attributes
                0x000000f6       0x2d board/altera/socfpga/sdram/libsocfpga-sdram.o
 .ARM.attributes
                0x00000123       0x2d common/libcommon.o
 .ARM.attributes
                0x00000150       0x2d common/spl/libspl.o
 .ARM.attributes
                0x0000017d       0x2d disk/libdisk.o
 .ARM.attributes
                0x000001aa       0x2d drivers/mmc/libmmc.o
 .ARM.attributes
                0x000001d7       0x2d drivers/serial/libserial.o
 .ARM.attributes
                0x00000204       0x2d drivers/watchdog/libwatchdog.o
 .ARM.attributes
                0x00000231       0x2d lib/libgeneric.o
 .ARM.attributes
                0x0000025e       0x18 /media/lampa/42583FF2583FE379/intelFPGA_lite/17.1/embedded/host_tools/mentor/gnu/arm/baremetal/bin/../lib/gcc/arm-altera-eabi/6.2.0/libgcc.a(_udivsi3.o)
 .ARM.attributes
                0x00000276       0x18 /media/lampa/42583FF2583FE379/intelFPGA_lite/17.1/embedded/host_tools/mentor/gnu/arm/baremetal/bin/../lib/gcc/arm-altera-eabi/6.2.0/libgcc.a(_dvmd_tls.o)
 .ARM.attributes
                0x0000028e       0x18 /media/lampa/42583FF2583FE379/intelFPGA_lite/17.1/embedded/host_tools/mentor/gnu/arm/baremetal/bin/../lib/gcc/arm-altera-eabi/6.2.0/libgcc.a(_lshrdi3.o)
 .ARM.attributes
                0x000002a6       0x18 /media/lampa/42583FF2583FE379/intelFPGA_lite/17.1/embedded/host_tools/mentor/gnu/arm/baremetal/bin/../lib/gcc/arm-altera-eabi/6.2.0/libgcc.a(_ashldi3.o)

.comment        0x00000000       0x30
 .comment       0x00000000       0x30 fs/fat/libfat.o
                                 0x31 (size before relaxing)
 .comment       0x00000030       0x93 arch/arm/cpu/armv7/libarmv7.o
 .comment       0x00000030      0x341 arch/arm/cpu/armv7/socfpga/libsocfpga.o
 .comment       0x00000030       0xf5 arch/arm/lib/libarm.o
 .comment       0x00000030       0xc4 board/altera/socfpga/libsocfpga.o
 .comment       0x00000030       0xc4 board/altera/socfpga/sdram/libsocfpga-sdram.o
 .comment       0x00000030      0x157 common/libcommon.o
 .comment       0x00000030       0x31 common/spl/libspl.o
 .comment       0x00000030       0x62 disk/libdisk.o
 .comment       0x00000030       0xc4 drivers/mmc/libmmc.o
 .comment       0x00000030       0x93 drivers/serial/libserial.o
 .comment       0x00000030       0x31 drivers/watchdog/libwatchdog.o
 .comment       0x00000030      0x157 lib/libgeneric.o

.debug_line     0x00000000     0xfc74
 .debug_line    0x00000000       0x84 arch/arm/cpu/armv7/start.o
 .debug_line    0x00000084      0xd13 fs/fat/libfat.o
 .debug_line    0x00000d97      0x8b9 arch/arm/cpu/armv7/libarmv7.o
 .debug_line    0x00001650     0x4505 arch/arm/cpu/armv7/socfpga/libsocfpga.o
 .debug_line    0x00005b55     0x106d arch/arm/lib/libarm.o
 .debug_line    0x00006bc2      0x6a4 board/altera/socfpga/libsocfpga.o
 .debug_line    0x00007266     0x1a94 board/altera/socfpga/sdram/libsocfpga-sdram.o
 .debug_line    0x00008cfa     0x231c common/libcommon.o
 .debug_line    0x0000b016      0x60b common/spl/libspl.o
 .debug_line    0x0000b621      0x91e disk/libdisk.o
 .debug_line    0x0000bf3f     0x1512 drivers/mmc/libmmc.o
 .debug_line    0x0000d451      0xd4e drivers/serial/libserial.o
 .debug_line    0x0000e19f      0x323 drivers/watchdog/libwatchdog.o
 .debug_line    0x0000e4c2     0x17b2 lib/libgeneric.o

.debug_info     0x00000000    0x4070d
 .debug_info    0x00000000       0xac arch/arm/cpu/armv7/start.o
 .debug_info    0x000000ac     0x3e5c fs/fat/libfat.o
 .debug_info    0x00003f08     0x1e97 arch/arm/cpu/armv7/libarmv7.o
 .debug_info    0x00005d9f    0x122eb arch/arm/cpu/armv7/socfpga/libsocfpga.o
 .debug_info    0x0001808a     0x3d3d arch/arm/lib/libarm.o
 .debug_info    0x0001bdc7     0x186e board/altera/socfpga/libsocfpga.o
 .debug_info    0x0001d635     0x7271 board/altera/socfpga/sdram/libsocfpga-sdram.o
 .debug_info    0x000248a6     0x914b common/libcommon.o
 .debug_info    0x0002d9f1     0x18ee common/spl/libspl.o
 .debug_info    0x0002f2df     0x28a8 disk/libdisk.o
 .debug_info    0x00031b87     0x6eaf drivers/mmc/libmmc.o
 .debug_info    0x00038a36     0x347c drivers/serial/libserial.o
 .debug_info    0x0003beb2      0xaf3 drivers/watchdog/libwatchdog.o
 .debug_info    0x0003c9a5     0x3d68 lib/libgeneric.o

.debug_abbrev   0x00000000     0x9e0a
 .debug_abbrev  0x00000000       0x14 arch/arm/cpu/armv7/start.o
 .debug_abbrev  0x00000014      0x52d fs/fat/libfat.o
 .debug_abbrev  0x00000541      0x608 arch/arm/cpu/armv7/libarmv7.o
 .debug_abbrev  0x00000b49     0x2f3d arch/arm/cpu/armv7/socfpga/libsocfpga.o
 .debug_abbrev  0x00003a86      0xbf0 arch/arm/lib/libarm.o
 .debug_abbrev  0x00004676      0x511 board/altera/socfpga/libsocfpga.o
 .debug_abbrev  0x00004b87      0x57a board/altera/socfpga/sdram/libsocfpga-sdram.o
 .debug_abbrev  0x00005101     0x17e9 common/libcommon.o
 .debug_abbrev  0x000068ea      0x3cc common/spl/libspl.o
 .debug_abbrev  0x00006cb6      0x793 disk/libdisk.o
 .debug_abbrev  0x00007449     0x1089 drivers/mmc/libmmc.o
 .debug_abbrev  0x000084d2      0x8f5 drivers/serial/libserial.o
 .debug_abbrev  0x00008dc7      0x2f6 drivers/watchdog/libwatchdog.o
 .debug_abbrev  0x000090bd      0xd4d lib/libgeneric.o

.debug_aranges  0x00000000     0x1510
 .debug_aranges
                0x00000000       0x20 arch/arm/cpu/armv7/start.o
 .debug_aranges
                0x00000020       0xf8 fs/fat/libfat.o
 .debug_aranges
                0x00000118       0xa8 arch/arm/cpu/armv7/libarmv7.o
 .debug_aranges
                0x000001c0      0x4c0 arch/arm/cpu/armv7/socfpga/libsocfpga.o
 .debug_aranges
                0x00000680      0x160 arch/arm/lib/libarm.o
 .debug_aranges
                0x000007e0       0x90 board/altera/socfpga/libsocfpga.o
 .debug_aranges
                0x00000870      0x258 board/altera/socfpga/sdram/libsocfpga-sdram.o
 .debug_aranges
                0x00000ac8      0x370 common/libcommon.o
 .debug_aranges
                0x00000e38       0x48 common/spl/libspl.o
 .debug_aranges
                0x00000e80       0x98 disk/libdisk.o
 .debug_aranges
                0x00000f18      0x140 drivers/mmc/libmmc.o
 .debug_aranges
                0x00001058      0x248 drivers/serial/libserial.o
 .debug_aranges
                0x000012a0       0x40 drivers/watchdog/libwatchdog.o
 .debug_aranges
                0x000012e0      0x230 lib/libgeneric.o

.debug_frame    0x00000000     0x3498
 .debug_frame   0x00000000      0x3e8 fs/fat/libfat.o
 .debug_frame   0x000003e8      0x17c arch/arm/cpu/armv7/libarmv7.o
 .debug_frame   0x00000564      0x94c arch/arm/cpu/armv7/socfpga/libsocfpga.o
 .debug_frame   0x00000eb0      0x294 arch/arm/lib/libarm.o
 .debug_frame   0x00001144       0xb4 board/altera/socfpga/libsocfpga.o
 .debug_frame   0x000011f8      0x720 board/altera/socfpga/sdram/libsocfpga-sdram.o
 .debug_frame   0x00001918      0x9c0 common/libcommon.o
 .debug_frame   0x000022d8       0x94 common/spl/libspl.o
 .debug_frame   0x0000236c      0x204 disk/libdisk.o
 .debug_frame   0x00002570      0x3b4 drivers/mmc/libmmc.o
 .debug_frame   0x00002924      0x53c drivers/serial/libserial.o
 .debug_frame   0x00002e60       0x6c drivers/watchdog/libwatchdog.o
 .debug_frame   0x00002ecc      0x5ac lib/libgeneric.o
 .debug_frame   0x00003478       0x20 /media/lampa/42583FF2583FE379/intelFPGA_lite/17.1/embedded/host_tools/mentor/gnu/arm/baremetal/bin/../lib/gcc/arm-altera-eabi/6.2.0/libgcc.a(_udivsi3.o)

.debug_str      0x00000000     0x7263
 .debug_str     0x00000000      0xf1e fs/fat/libfat.o
                               0x10c5 (size before relaxing)
 .debug_str     0x00000f1e      0x23b arch/arm/cpu/armv7/libarmv7.o
                               0x19e5 (size before relaxing)
 .debug_str     0x00001159     0x1acf arch/arm/cpu/armv7/socfpga/libsocfpga.o
                               0xbb6b (size before relaxing)
 .debug_str     0x00002c28      0x320 arch/arm/lib/libarm.o
                               0x2ea5 (size before relaxing)
 .debug_str     0x00002f48      0x1ec board/altera/socfpga/libsocfpga.o
                               0x1643 (size before relaxing)
 .debug_str     0x00003134      0xf3e board/altera/socfpga/sdram/libsocfpga-sdram.o
                               0x1e60 (size before relaxing)
 .debug_str     0x00004072     0x1bab common/libcommon.o
                               0x588d (size before relaxing)
 .debug_str     0x00005c1d      0x40b common/spl/libspl.o
                               0x1129 (size before relaxing)
 .debug_str     0x00006028      0x2d4 disk/libdisk.o
                               0x1595 (size before relaxing)
 .debug_str     0x000062fc      0x605 drivers/mmc/libmmc.o
                               0x311c (size before relaxing)
 .debug_str     0x00006901      0x5bd drivers/serial/libserial.o
                               0x1d6c (size before relaxing)
 .debug_str     0x00006ebe       0xeb drivers/watchdog/libwatchdog.o
                                0x87b (size before relaxing)
 .debug_str     0x00006fa9      0x2ba lib/libgeneric.o
                               0x2471 (size before relaxing)

.debug_loc      0x00000000    0x1b580
 .debug_loc     0x00000000     0x44f4 fs/fat/libfat.o
 .debug_loc     0x000044f4      0x140 arch/arm/cpu/armv7/libarmv7.o
 .debug_loc     0x00004634     0x560a arch/arm/cpu/armv7/socfpga/libsocfpga.o
 .debug_loc     0x00009c3e      0x34f arch/arm/lib/libarm.o
 .debug_loc     0x00009f8d       0x77 board/altera/socfpga/libsocfpga.o
 .debug_loc     0x0000a004     0x5ea0 board/altera/socfpga/sdram/libsocfpga-sdram.o
 .debug_loc     0x0000fea4     0x3f36 common/libcommon.o
 .debug_loc     0x00013dda       0xa0 common/spl/libspl.o
 .debug_loc     0x00013e7a      0xf88 disk/libdisk.o
 .debug_loc     0x00014e02     0x2c68 drivers/mmc/libmmc.o
 .debug_loc     0x00017a6a      0x7ca drivers/serial/libserial.o
 .debug_loc     0x00018234      0x101 drivers/watchdog/libwatchdog.o
 .debug_loc     0x00018335     0x324b lib/libgeneric.o

.debug_ranges   0x00000000     0x3320
 .debug_ranges  0x00000000      0x4e8 fs/fat/libfat.o
 .debug_ranges  0x000004e8       0x58 arch/arm/cpu/armv7/libarmv7.o
 .debug_ranges  0x00000540      0xba8 arch/arm/cpu/armv7/socfpga/libsocfpga.o
 .debug_ranges  0x000010e8       0xf0 arch/arm/lib/libarm.o
 .debug_ranges  0x000011d8       0x58 board/altera/socfpga/libsocfpga.o
 .debug_ranges  0x00001230     0x10b0 board/altera/socfpga/sdram/libsocfpga-sdram.o
 .debug_ranges  0x000022e0      0x528 common/libcommon.o
 .debug_ranges  0x00002808       0x38 common/spl/libspl.o
 .debug_ranges  0x00002840      0x138 disk/libdisk.o
 .debug_ranges  0x00002978      0x3b8 drivers/mmc/libmmc.o
 .debug_ranges  0x00002d30      0x248 drivers/serial/libserial.o
 .debug_ranges  0x00002f78       0x60 drivers/watchdog/libwatchdog.o
 .debug_ranges  0x00002fd8      0x348 lib/libgeneric.o
