sdram.c:68:6:sdram_enable_interrupt	0	static
sdram.c:85:6:irq_handler_ecc_sdram	8	static
sdram.c:133:1:compute_errata_rows	24	static
sdram.c:199:6:sdram_set_rule	8	static
sdram.c:244:6:sdram_get_rule	0	static
sdram.c:281:6:sdram_set_protection_config	80	static
sdram.c:325:6:sdram_dump_protection_config	56	static
sdram.c:353:10:sdram_write_register_field	0	static
sdram.c:362:10:sdram_write_verify	0	static
sdram.c:1383:10:sdram_calibration_full	0	static
sdram.c:1389:10:sdram_check_self_refresh_seq	8	static
sdram.c:1489:15:sdram_calculate_size	0	static
sdram.c:54:5:dram_init	8	static
sdram.c:390:10:sdram_mmr_init_full	40	static
sdram.c:1556:6:sdram_ecc_init	56	static
