serial.c:367:30:get_current	8	static
serial.c:50:13:serial_null	0	static
serial.c:193:6:serial_register	0	static
serial.c:288:6:serial_stdio_init	72	static
serial.c:324:5:serial_assign	16	static
serial.c:225:6:serial_initialize	8	static
serial.c:344:6:serial_reinit_all	8	static
serial.c:401:5:serial_init	8	static
serial.c:416:6:serial_setbrg	8	static
serial.c:432:5:serial_getc	8	static
serial.c:447:5:serial_tstc	8	static
serial.c:463:6:serial_putc	8	static
serial.c:481:6:serial_puts	8	static
serial.c:498:6:default_serial_puts	16	static
