mmc.c:844:13:mmc_set_ios	0	static
mmc.c:50:12:mmc_send_cmd	32	static
mmc.c:570:12:mmc_send_ext_csd	56	static
mmc.c:420:12:mmc_go_idle	40	static
mmc.c:112:12:mmc_send_status.constprop	56	static
mmc.c:592:12:mmc_switch.isra.0	40	static
mmc.c:43:5:__board_mmc_getcd	0	static
mmc.c:167:13:find_mmc_device	8	static
mmc.c:236:1:mmc_berase	64	static
mmc.c:326:1:mmc_bwrite	80	static
mmc.c:388:14:mmc_bread	80	static
mmc.c:660:5:mmc_switch_part	8	static
mmc.c:672:5:mmc_getcd	8	static
mmc.c:849:6:mmc_set_clock	0	static
mmc.c:869:12:mmc_startup	1456	static
mmc.c:1200:5:mmc_register	0	static
mmc.c:1230:5:mmc_init	56	static
mmc.c:1220:19:mmc_get_dev	8	static
mmc.c:1288:12:__def_mmc_init	0	static
mmc.c:1296:6:print_mmc_devices	24	static
mmc.c:1313:5:get_mmc_num	0	static
mmc.c:1318:5:mmc_initialize	8	static
