dwc2_otg.c:1576:13:init_fslspclksel	0	static
dwc2_otg.c:18:6:dwc_write_reg32	0	static
dwc2_otg.c:23:10:dwc_read_reg32	0	static
dwc2_otg.c:28:6:dwc_modify_reg32	0	static
dwc2_otg.c:44:9:dwc_otg_is_host_mode	0	static
dwc2_otg.c:82:10:dwc_otg_read_hprt0	0	static
dwc2_otg.c:99:5:dwc_otg_set_param_otg_cap	8	static
dwc2_otg.c:158:9:dwc_otg_get_param_otg_cap	0	static
dwc2_otg.c:163:5:dwc_otg_set_param_opt	8	static
dwc2_otg.c:173:9:dwc_otg_get_param_opt	0	static
dwc2_otg.c:203:9:dwc_otg_get_param_dma_enable	0	static
dwc2_otg.c:208:5:dwc_otg_set_param_dma_desc_enable	8	static
dwc2_otg.c:178:5:dwc_otg_set_param_dma_enable	16	static
dwc2_otg.c:233:9:dwc_otg_get_param_dma_desc_enable	0	static
dwc2_otg.c:238:5:dwc_otg_set_param_host_support_fs_ls_low_power	8	static
dwc2_otg.c:250:9:dwc_otg_get_param_host_support_fs_ls_low_power	0	static
dwc2_otg.c:256:5:dwc_otg_set_param_enable_dynamic_fifo	16	static
dwc2_otg.c:280:9:dwc_otg_get_param_enable_dynamic_fifo	0	static
dwc2_otg.c:285:5:dwc_otg_set_param_data_fifo_size	8	static
dwc2_otg.c:309:9:dwc_otg_get_param_data_fifo_size	0	static
dwc2_otg.c:314:5:dwc_otg_set_param_dev_rx_fifo_size	8	static
dwc2_otg.c:335:9:dwc_otg_get_param_dev_rx_fifo_size	0	static
dwc2_otg.c:340:5:dwc_otg_set_param_dev_nperio_tx_fifo_size	8	static
dwc2_otg.c:368:9:dwc_otg_get_param_dev_nperio_tx_fifo_size	0	static
dwc2_otg.c:373:5:dwc_otg_set_param_host_rx_fifo_size	8	static
dwc2_otg.c:400:9:dwc_otg_get_param_host_rx_fifo_size	0	static
dwc2_otg.c:405:5:dwc_otg_set_param_host_nperio_tx_fifo_size	8	static
dwc2_otg.c:433:9:dwc_otg_get_param_host_nperio_tx_fifo_size	0	static
dwc2_otg.c:438:5:dwc_otg_set_param_host_perio_tx_fifo_size	8	static
dwc2_otg.c:466:9:dwc_otg_get_param_host_perio_tx_fifo_size	0	static
dwc2_otg.c:471:5:dwc_otg_set_param_max_transfer_size	8	static
dwc2_otg.c:499:9:dwc_otg_get_param_max_transfer_size	0	static
dwc2_otg.c:504:5:dwc_otg_set_param_max_packet_count	8	static
dwc2_otg.c:530:9:dwc_otg_get_param_max_packet_count	0	static
dwc2_otg.c:535:5:dwc_otg_set_param_host_channels	8	static
dwc2_otg.c:560:9:dwc_otg_get_param_host_channels	0	static
dwc2_otg.c:565:5:dwc_otg_set_param_dev_endpoints	8	static
dwc2_otg.c:590:9:dwc_otg_get_param_dev_endpoints	0	static
dwc2_otg.c:595:5:dwc_otg_set_param_phy_type	16	static
dwc2_otg.c:639:9:dwc_otg_get_param_phy_type	0	static
dwc2_otg.c:644:5:dwc_otg_set_param_speed	8	static
dwc2_otg.c:668:9:dwc_otg_get_param_speed	0	static
dwc2_otg.c:673:5:dwc_otg_set_param_host_ls_low_power_phy_clk	8	static
dwc2_otg.c:703:9:dwc_otg_get_param_host_ls_low_power_phy_clk	0	static
dwc2_otg.c:708:5:dwc_otg_set_param_phy_ulpi_ddr	8	static
dwc2_otg.c:720:9:dwc_otg_get_param_phy_ulpi_ddr	0	static
dwc2_otg.c:725:5:dwc_otg_set_param_phy_ulpi_ext_vbus	8	static
dwc2_otg.c:738:9:dwc_otg_get_param_phy_ulpi_ext_vbus	0	static
dwc2_otg.c:743:5:dwc_otg_set_param_phy_utmi_width	8	static
dwc2_otg.c:755:9:dwc_otg_get_param_phy_utmi_width	0	static
dwc2_otg.c:760:5:dwc_otg_set_param_ulpi_fs_ls	8	static
dwc2_otg.c:772:9:dwc_otg_get_param_ulpi_fs_ls	0	static
dwc2_otg.c:777:5:dwc_otg_set_param_ts_dline	8	static
dwc2_otg.c:789:9:dwc_otg_get_param_ts_dline	0	static
dwc2_otg.c:794:5:dwc_otg_set_param_i2c_enable	16	static
dwc2_otg.c:817:9:dwc_otg_get_param_i2c_enable	0	static
dwc2_otg.c:822:5:dwc_otg_set_param_dev_perio_tx_fifo_size	16	static
dwc2_otg.c:846:9:dwc_otg_get_param_dev_perio_tx_fifo_size	0	static
dwc2_otg.c:852:5:dwc_otg_set_param_en_multiple_tx_fifo	16	static
dwc2_otg.c:875:9:dwc_otg_get_param_en_multiple_tx_fifo	0	static
dwc2_otg.c:880:5:dwc_otg_set_param_dev_tx_fifo_size	16	static
dwc2_otg.c:904:9:dwc_otg_get_param_dev_tx_fifo_size	0	static
dwc2_otg.c:910:5:dwc_otg_set_param_thr_ctl	8	static
dwc2_otg.c:935:9:dwc_otg_get_param_thr_ctl	0	static
dwc2_otg.c:940:5:dwc_otg_set_param_lpm_enable	8	static
dwc2_otg.c:963:9:dwc_otg_get_param_lpm_enable	0	static
dwc2_otg.c:968:5:dwc_otg_set_param_tx_thr_length	8	static
dwc2_otg.c:980:9:dwc_otg_get_param_tx_thr_length	0	static
dwc2_otg.c:985:5:dwc_otg_set_param_rx_thr_length	8	static
dwc2_otg.c:997:9:dwc_otg_get_param_rx_thr_length	0	static
dwc2_otg.c:1002:5:dwc_otg_set_param_dma_burst_size	8	static
dwc2_otg.c:1019:9:dwc_otg_get_param_dma_burst_size	0	static
dwc2_otg.c:1024:5:dwc_otg_set_param_pti_enable	8	static
dwc2_otg.c:1043:9:dwc_otg_get_param_pti_enable	0	static
dwc2_otg.c:1048:5:dwc_otg_set_param_mpi_enable	16	static
dwc2_otg.c:1067:9:dwc_otg_get_param_mpi_enable	0	static
dwc2_otg.c:1072:5:dwc_otg_set_param_ic_usb_cap	16	static
dwc2_otg.c:1093:9:dwc_otg_get_param_ic_usb_cap	0	static
dwc2_otg.c:1098:5:dwc_otg_set_param_ahb_thr_ratio	16	static
dwc2_otg.c:1125:9:dwc_otg_get_param_ahb_thr_ratio	0	static
dwc2_otg.c:1131:10:dwc_otg_get_hnpstatus	0	static
dwc2_otg.c:1138:10:dwc_otg_get_srpstatus	0	static
dwc2_otg.c:1145:6:dwc_otg_set_hnpreq	0	static
dwc2_otg.c:1153:10:dwc_otg_get_gsnpsid	0	static
dwc2_otg.c:1158:10:dwc_otg_get_mode	0	static
dwc2_otg.c:1165:10:dwc_otg_get_hnpcapable	0	static
dwc2_otg.c:1172:6:dwc_otg_set_hnpcapable	0	static
dwc2_otg.c:1180:10:dwc_otg_get_srpcapable	0	static
dwc2_otg.c:1187:6:dwc_otg_set_srpcapable	0	static
dwc2_otg.c:1195:10:dwc_otg_get_busconnected	0	static
dwc2_otg.c:1202:10:dwc_otg_get_prtpower	0	static
dwc2_otg.c:1210:6:dwc_otg_set_prtpower	0	static
dwc2_otg.c:1218:10:dwc_otg_get_prtsuspend	0	static
dwc2_otg.c:1226:6:dwc_otg_set_prtsuspend	0	static
dwc2_otg.c:1234:6:dwc_otg_set_prtresume	0	static
dwc2_otg.c:1242:10:dwc_otg_get_lpm_portsleepstatus	0	static
dwc2_otg.c:1250:10:dwc_otg_get_lpm_remotewakeenabled	0	static
dwc2_otg.c:1257:10:dwc_otg_get_lpmresponse	0	static
dwc2_otg.c:1264:6:dwc_otg_set_lpmresponse	0	static
dwc2_otg.c:1272:10:dwc_otg_get_hsic_connect	0	static
dwc2_otg.c:1279:6:dwc_otg_set_hsic_connect	0	static
dwc2_otg.c:1287:10:dwc_otg_get_inv_sel_hsic	0	static
dwc2_otg.c:1295:6:dwc_otg_set_inv_sel_hsic	0	static
dwc2_otg.c:1303:10:dwc_otg_get_gotgctl	0	static
dwc2_otg.c:1308:6:dwc_otg_set_gotgctl	0	static
dwc2_otg.c:1313:10:dwc_otg_get_gusbcfg	0	static
dwc2_otg.c:1318:6:dwc_otg_set_gusbcfg	0	static
dwc2_otg.c:1323:10:dwc_otg_get_grxfsiz	0	static
dwc2_otg.c:1328:6:dwc_otg_set_grxfsiz	0	static
dwc2_otg.c:1333:10:dwc_otg_get_gnptxfsiz	0	static
dwc2_otg.c:1338:6:dwc_otg_set_gnptxfsiz	0	static
dwc2_otg.c:1343:10:dwc_otg_get_gpvndctl	0	static
dwc2_otg.c:1348:6:dwc_otg_set_gpvndctl	0	static
dwc2_otg.c:1353:10:dwc_otg_get_ggpio	0	static
dwc2_otg.c:1358:6:dwc_otg_set_ggpio	0	static
dwc2_otg.c:1363:10:dwc_otg_get_hprt0	0	static
dwc2_otg.c:1369:6:dwc_otg_set_hprt0	0	static
dwc2_otg.c:1374:10:dwc_otg_get_guid	0	static
dwc2_otg.c:1379:6:dwc_otg_set_guid	0	static
dwc2_otg.c:1384:10:dwc_otg_get_hptxfsiz	0	static
dwc2_otg.c:1471:6:dwc_otg_cil_init	24	static
dwc2_otg.c:1604:6:dwc_otg_flush_tx_fifo	24	static
dwc2_otg.c:1636:6:dwc_otg_flush_rx_fifo	24	static
dwc2_otg.c:1674:6:dwc_otg_core_host_init	48	static
dwc2_otg.c:1823:6:dwc_otg_core_reset	24	static
dwc2_otg.c:1868:6:dwc_otg_core_init	24	static
dwc2_otg.c:2134:6:dwc_otg_hc_init	0	static
