sequencer.c:654:13:set_failing_group_stage	8	static
sequencer.c:1482:13:scc_mgr_set_oct_out1_delay	12	static
sequencer.c:1508:13:scc_mgr_set_oct_out2_delay.isra.0	0	static
sequencer.c:757:6:initialize	0	static
sequencer.c:842:6:set_rank_and_odt_mask	0	static
sequencer.c:1182:6:select_shadow_regs_for_update	0	static
sequencer.c:1304:6:scc_mgr_initialize	0	static
sequencer.c:1320:13:scc_mgr_set_dqs_bus_in_delay	0	static
sequencer.c:1360:6:scc_mgr_set_dqs_en_phase_all_ranks	8	static
sequencer.c:1412:6:scc_mgr_set_dqdqs_output_phase_all_ranks	8	static
sequencer.c:1455:6:scc_mgr_set_dqs_en_delay_all_ranks	8	static
sequencer.c:1540:13:scc_mgr_set_dq_out1_delay	0	static
sequencer.c:1559:13:scc_mgr_set_dq_out2_delay	0	static
sequencer.c:1578:13:scc_mgr_set_dq_in_delay	0	static
sequencer.c:1659:13:scc_mgr_set_dm_out1_delay	0	static
sequencer.c:1676:13:scc_mgr_set_dm_out2_delay	0	static
sequencer.c:1721:6:scc_mgr_zero_all	16	static
sequencer.c:1778:6:scc_set_bypass_mode	0	static
sequencer.c:1899:6:scc_mgr_load_dqs	0	static
sequencer.c:1904:6:scc_mgr_load_dqs_for_write_group	12	static
sequencer.c:1828:6:scc_mgr_zero_group	16	static
sequencer.c:1925:6:scc_mgr_load_dqs_io	0	static
sequencer.c:1932:6:scc_mgr_load_dq	0	static
sequencer.c:1939:6:scc_mgr_load_dm	0	static
sequencer.c:1947:6:scc_mgr_apply_group_dq_in_delay	20	static
sequencer.c:1960:6:scc_mgr_apply_group_dq_out1_delay	8	static
sequencer.c:1971:6:scc_mgr_apply_group_dq_out2_delay	0	static
sequencer.c:1984:6:scc_mgr_apply_group_dm_out1_delay	0	static
sequencer.c:1996:6:scc_mgr_apply_group_dqs_io_and_oct_out1	8	static
sequencer.c:2006:6:scc_mgr_apply_group_dqs_io_and_oct_out2	0	static
sequencer.c:2019:6:scc_mgr_set_group_dqs_io_and_oct_out1_gradual	24	static
sequencer.c:2044:6:scc_mgr_set_group_dqs_io_and_oct_out2_gradual	24	static
sequencer.c:2067:6:scc_mgr_apply_group_all_out_delay	16	static
sequencer.c:2087:6:scc_mgr_apply_group_all_out_delay_all_ranks	8	static
sequencer.c:2105:6:scc_mgr_apply_group_all_out_delay_add	8	static
sequencer.c:2193:6:scc_mgr_apply_group_all_out_delay_add_all_ranks	8	static
sequencer.c:2247:6:set_jump_as_return	0	static
sequencer.c:2516:6:rw_mgr_rdimm_initialize	0	static
sequencer.c:2591:6:rw_mgr_mem_initialize	32	static
sequencer.c:3340:6:rw_mgr_mem_dll_lock_wait	0	static
sequencer.c:3482:6:rw_mgr_mem_handoff	16	static
sequencer.c:3822:9:rw_mgr_mem_calibrate_read_test_patterns	48	static
sequencer.c:3897:6:rw_mgr_mem_calibrate_read_load_patterns	16	static
sequencer.c:4026:9:rw_mgr_mem_calibrate_read_test	64	static
sequencer.c:4158:6:rw_mgr_incr_vfifo	0	static
sequencer.c:4209:6:rw_mgr_decr_vfifo	8	static
sequencer.c:4358:9:rw_mgr_mem_calibrate_vfifo_find_dqs_en_phase	56	static
sequencer.c:6340:9:rw_mgr_mem_calibrate_lfifo	48	static
sequencer.c:6461:6:rw_mgr_mem_calibrate_write_test_issue	12	static
sequencer.c:6606:9:rw_mgr_mem_calibrate_write_test	48	static
sequencer.c:5143:9:rw_mgr_mem_calibrate_vfifo_center	152	static
sequencer.c:5917:9:rw_mgr_mem_calibrate_vfifo	56	static
sequencer.c:6284:9:rw_mgr_mem_calibrate_vfifo_end	24	static
sequencer.c:7052:9:rw_mgr_mem_calibrate_wlevel	56	static
sequencer.c:7513:9:rw_mgr_mem_calibrate_writes_center	136	static
sequencer.c:8596:9:rw_mgr_mem_calibrate_writes	16	static
sequencer.c:8626:6:rw_mgr_mem_calibrate_eye_diag_aid	0	static
sequencer.c:8633:9:rw_mgr_mem_calibrate_full_test	32	static
sequencer.c:8982:6:mem_precharge_and_activate	8	static
sequencer.c:9114:6:mem_config	4	static
sequencer.c:9305:6:mem_skip_calibrate	16	static
sequencer.c:9654:9:mem_calibrate	56	static
sequencer.c:10013:9:run_mem_calibrate	24	static
sequencer.c:10222:6:hc_initialize_rom_data	16	static
sequencer.c:10475:6:initialize_reg_file	0	static
sequencer.c:10488:6:initialize_hps_phy	0	static
sequencer.c:10545:6:initialize_tracking	0	static
sequencer.c:11003:6:user_init_cal_req	8	static
sequencer.c:11178:5:sdram_calibration	80	static
