fdt_rw.c:62:12:_fdt_blocks_misordered	8	static
fdt_rw.c:101:12:_fdt_splice	24	static
fdt_rw.c:114:12:_fdt_splice_mem_rsv	16	static
fdt_rw.c:127:12:_fdt_splice_struct	16	static
fdt_rw.c:398:13:_fdt_packblocks	24	static
fdt_rw.c:227:12:_fdt_add_property	40	static
fdt_rw.c:74:12:_fdt_rw_check_header	16	static
fdt_rw.c:176:5:fdt_add_mem_rsv	40	static
fdt_rw.c:193:5:fdt_del_mem_rsv	24	static
fdt_rw.c:255:5:fdt_set_name	32	static
fdt_rw.c:278:5:fdt_setprop	48	static
fdt_rw.c:296:5:fdt_appendprop	48	static
fdt_rw.c:323:5:fdt_delprop	32	static
fdt_rw.c:338:5:fdt_add_subnode_namelen	40	static
fdt_rw.c:379:5:fdt_add_subnode	16	static
fdt_rw.c:384:5:fdt_del_node	16	static
fdt_rw.c:420:5:fdt_open_into	48	static
fdt_rw.c:484:5:fdt_pack	16	static
