cmd_i2c.c:197:13:get_alen	0	static
cmd_i2c.c:1557:12:do_i2c	24	static
cmd_i2c.c:1509:12:do_i2c_reset	8	static
cmd_i2c.c:428:12:do_i2c_mw	40	static
cmd_i2c.c:226:12:do_i2c_read	32	static
cmd_i2c.c:696:12:do_i2c_probe	24	static
cmd_i2c.c:327:12:do_i2c_md	72	static
cmd_i2c.c:498:12:do_i2c_crc	48	static
cmd_i2c.c:266:12:do_i2c_write	40	static
cmd_i2c.c:759:12:do_i2c_loop	56	static
cmd_i2c.c:567:1:mod_i2c_mem.isra.2	48	static
cmd_i2c.c:1495:12:do_i2c_nm	0	static
cmd_i2c.c:1480:12:do_i2c_mm	0	static
cmd_i2c.c:145:6:i2c_init_board	0	static
cmd_i2c.c:165:14:i2c_get_bus_speed	0	static
cmd_i2c.c:184:5:i2c_set_bus_speed	0	static
cmd_i2c.c:1453:12:do_i2c_bus_speed	8	static
