console.c:114:12:console_setfile	16	static
console.c:271:5:serial_printf	304	static
console.c:289:5:fgetc	0	static
console.c:320:5:ftstc	0	static
console.c:328:6:fputc	0	static
console.c:334:6:fputs	0	static
console.c:340:5:fprintf	308	static
console.c:361:5:getc	0	static
console.c:380:5:tstc	0	static
console.c:432:6:putc	0	static
console.c:456:6:puts	0	static
console.c:492:5:printf	304	static
console.c:520:5:vprintf	304	static
console.c:543:5:ctrlc	16	static
console.c:562:5:disable_ctrlc	0	static
console.c:570:5:had_ctrlc	0	static
console.c:575:6:clear_ctrlc	0	static
console.c:613:13:dbg	0	static
console.c:620:19:search_device	8	static
console.c:632:5:console_assign	8	static
console.c:34:12:on_console	24	static
console.c:661:5:console_init_f	0	static
console.c:675:6:stdio_print_current_devices	8	static
console.c:702:5:console_init_r	16	static
