image.c:1164:13:fdt_error	8	static
image.c:424:12:on_loadaddr	8	static
image.c:173:5:image_check_hcrc	72	static
image.c:188:5:image_check_dcrc	8	static
image.c:210:7:image_multi_count	0	static
image.c:243:6:image_multi_getimg	24	static
image.c:440:7:getenv_bootm_low	8	static
image.c:457:13:getenv_bootm_size	8	static
image.c:479:13:getenv_bootm_mapsize	8	static
image.c:495:6:memmove_wd	24	static
image.c:515:6:genimg_print_size	8	static
image.c:557:7:get_table_entry_name	0	static
image.c:570:13:genimg_get_os_name	0	static
image.c:575:13:genimg_get_arch_name	0	static
image.c:581:13:genimg_get_type_name	0	static
image.c:586:13:genimg_get_comp_name	0	static
image.c:303:6:image_print_contents	40	static
image.c:606:5:get_table_entry_id	16	static
image.c:640:5:genimg_get_os_id	0	static
image.c:645:5:genimg_get_arch_id	0	static
image.c:650:5:genimg_get_type_id	0	static
image.c:655:5:genimg_get_comp_id	0	static
image.c:675:5:genimg_get_format	8	static
image.c:707:7:genimg_get_image	0	static
image.c:779:5:genimg_has_config	0	static
image.c:810:5:boot_get_ramdisk	40	static
image.c:1084:5:boot_ramdisk_high	24	static
image.c:1259:6:boot_fdt_add_mem_rsv_regions	48	static
image.c:1294:5:boot_relocate_fdt	40	static
image.c:1402:5:boot_get_fdt	32	static
