usb.c:301:1:usb_set_maxpacket_ep	12	static
usb.c:146:5:usb_stop	8	static
usb.c:169:5:usb_disable_asynch	0	static
usb.c:186:5:usb_submit_int_msg	0	static
usb.c:201:5:usb_control_msg	160	static
usb.c:476:12:usb_get_descriptor	40	static
usb.c:642:12:usb_get_string	56	static
usb.c:678:12:usb_string_sub	32	static
usb.c:251:5:usb_bulk_msg	16	static
usb.c:280:5:usb_maxpacket	0	static
usb.c:447:5:usb_clear_halt	48	static
usb.c:490:5:usb_get_configuration_no	32	static
usb.c:541:5:usb_set_interface	48	static
usb.c:599:5:usb_set_protocol	40	static
usb.c:609:5:usb_set_idle	40	static
usb.c:619:5:usb_get_report	40	static
usb.c:631:5:usb_get_class_descriptor	40	static
usb.c:718:5:usb_string	600	static
usb.c:778:20:usb_get_dev_index	0	static
usb.c:789:20:usb_alloc_new_device	24	static
usb.c:813:6:usb_free_device	16	static
usb.c:828:5:usb_new_device	648	static
usb.c:86:5:usb_init	24	static
