sequencer.c:591:13:set_failing_group_stage	8	static
sequencer.c:1315:13:scc_mgr_set_oct_out1_delay	12	static
sequencer.c:693:6:initialize	0	static
sequencer.c:767:6:set_rank_and_odt_mask	0	static
sequencer.c:1072:6:select_shadow_regs_for_update	0	static
sequencer.c:1164:6:scc_mgr_initialize	0	static
sequencer.c:1177:13:scc_mgr_set_dqs_bus_in_delay	0	static
sequencer.c:1213:6:scc_mgr_set_dqs_en_phase_all_ranks	8	static
sequencer.c:1257:6:scc_mgr_set_dqdqs_output_phase_all_ranks	8	static
sequencer.c:1292:6:scc_mgr_set_dqs_en_delay_all_ranks	8	static
sequencer.c:1365:13:scc_mgr_set_dq_out1_delay	0	static
sequencer.c:1382:13:scc_mgr_set_dq_out2_delay	0	static
sequencer.c:1399:13:scc_mgr_set_dq_in_delay	0	static
sequencer.c:1471:13:scc_mgr_set_dm_out1_delay	0	static
sequencer.c:1487:13:scc_mgr_set_dm_out2_delay	0	static
sequencer.c:1527:6:scc_mgr_zero_all	16	static
sequencer.c:1572:6:scc_set_bypass_mode	0	static
sequencer.c:1625:6:scc_mgr_load_dqs_for_write_group	0	static
sequencer.c:1640:6:scc_mgr_zero_group	16	static
sequencer.c:1707:6:scc_mgr_load_dqs	0	static
sequencer.c:1715:6:scc_mgr_load_dqs_io	0	static
sequencer.c:1722:6:scc_mgr_load_dq	0	static
sequencer.c:1729:6:scc_mgr_load_dm	0	static
sequencer.c:1737:6:scc_mgr_apply_group_dq_in_delay	20	static
sequencer.c:1749:6:scc_mgr_apply_group_dq_out1_delay	0	static
sequencer.c:1759:6:scc_mgr_apply_group_dq_out2_delay	0	static
sequencer.c:1771:6:scc_mgr_apply_group_dm_out1_delay	0	static
sequencer.c:1783:6:scc_mgr_apply_group_dqs_io_and_oct_out1	8	static
sequencer.c:1793:6:scc_mgr_apply_group_dqs_io_and_oct_out2	0	static
sequencer.c:1805:6:scc_mgr_set_group_dqs_io_and_oct_out1_gradual	24	static
sequencer.c:1832:6:scc_mgr_set_group_dqs_io_and_oct_out2_gradual	24	static
sequencer.c:1858:6:scc_mgr_apply_group_all_out_delay	16	static
sequencer.c:1874:6:scc_mgr_apply_group_all_out_delay_all_ranks	8	static
sequencer.c:1890:6:scc_mgr_apply_group_all_out_delay_add	8	static
sequencer.c:1965:6:scc_mgr_apply_group_all_out_delay_add_all_ranks	8	static
sequencer.c:2008:6:set_jump_as_return	0	static
sequencer.c:2277:6:rw_mgr_rdimm_initialize	0	static
sequencer.c:2340:6:rw_mgr_mem_initialize	32	static
sequencer.c:3009:6:rw_mgr_mem_dll_lock_wait	0	static
sequencer.c:3143:6:rw_mgr_mem_handoff	16	static
sequencer.c:3446:9:rw_mgr_mem_calibrate_read_test_patterns	48	static
sequencer.c:3501:9:rw_mgr_mem_calibrate_read_test_patterns_all_ranks	32	static
sequencer.c:3527:6:rw_mgr_mem_calibrate_read_load_patterns	16	static
sequencer.c:3750:9:rw_mgr_mem_calibrate_read_test	64	static
sequencer.c:3874:6:rw_mgr_incr_vfifo	0	static
sequencer.c:3922:6:rw_mgr_decr_vfifo	8	static
sequencer.c:4043:9:rw_mgr_mem_calibrate_vfifo_find_dqs_en_phase	64	static
sequencer.c:6143:9:rw_mgr_mem_calibrate_lfifo	56	static
sequencer.c:6256:6:rw_mgr_mem_calibrate_write_test_issue	12	static
sequencer.c:6417:9:rw_mgr_mem_calibrate_write_test	48	static
sequencer.c:5094:9:rw_mgr_mem_calibrate_vfifo_center	152	static
sequencer.c:5748:9:rw_mgr_mem_calibrate_vfifo	88	static
sequencer.c:6091:9:rw_mgr_mem_calibrate_vfifo_end	24	static
sequencer.c:6824:9:rw_mgr_mem_calibrate_wlevel	56	static
sequencer.c:7228:9:rw_mgr_mem_calibrate_writes_center	136	static
sequencer.c:8133:9:rw_mgr_mem_calibrate_writes	16	static
sequencer.c:8161:6:rw_mgr_mem_calibrate_eye_diag_aid	0	static
sequencer.c:8168:9:rw_mgr_mem_calibrate_full_test	32	static
sequencer.c:8516:6:mem_precharge_and_activate	8	static
sequencer.c:8636:6:mem_config	4	static
sequencer.c:8833:6:mem_skip_calibrate	16	static
sequencer.c:9149:9:mem_calibrate	48	static
sequencer.c:9442:9:run_mem_calibrate	24	static
sequencer.c:9667:6:hc_initialize_rom_data	16	static
sequencer.c:9894:6:initialize_reg_file	0	static
sequencer.c:9907:6:initialize_hps_phy	0	static
sequencer.c:9954:6:initialize_tracking	0	static
sequencer.c:10341:6:user_init_cal_req	8	static
sequencer.c:10524:5:sdram_calibration	80	static
