phy.c:404:5:genphy_shutdown	0	static
phy.c:553:12:get_phy_id	24	static
phy.c:508:27:phy_device_create	24	static
phy.c:585:27:get_phy_device	40	static
phy.c:146:5:genphy_restart_aneg	24	static
phy.c:174:5:genphy_config_aneg	32	static
phy.c:347:5:genphy_config	16	static
phy.c:214:5:genphy_update_link	32	static
phy.c:396:5:genphy_startup	16	static
phy.c:421:5:phy_init	8	static
phy.c:460:5:phy_register	0	static
phy.c:622:5:phy_reset	24	static
phy.c:677:5:miiphy_reset	8	static
phy.c:692:20:phy_connect	32	static
phy.c:730:5:phy_startup	0	static
phy.c:738:12:__board_phy_config	0	static
phy.c:748:5:phy_config	8	static
phy.c:756:5:phy_shutdown	8	static
