fdt_ro.c:112:12:_nextprop	24	static
fdt_ro.c:82:13:fdt_string	0	static
fdt_ro.c:95:5:fdt_get_mem_rsv	24	static
fdt_ro.c:103:5:fdt_num_mem_rsv	12	static
fdt_ro.c:136:5:fdt_subnode_offset_namelen	40	static
fdt_ro.c:155:5:fdt_subnode_offset	16	static
fdt_ro.c:205:13:fdt_get_name	24	static
fdt_ro.c:225:5:fdt_first_property_offset	8	static
fdt_ro.c:235:5:fdt_next_property_offset	8	static
fdt_ro.c:243:28:fdt_get_property_by_offset	16	static
fdt_ro.c:264:28:fdt_get_property_namelen	32	static
fdt_ro.c:288:28:fdt_get_property	32	static
fdt_ro.c:296:13:fdt_getprop_namelen	16	static
fdt_ro.c:308:13:fdt_getprop_by_offset	16	static
fdt_ro.c:321:13:fdt_getprop	32	static
fdt_ro.c:327:10:fdt_get_phandle	24	static
fdt_ro.c:344:13:fdt_get_alias_namelen	24	static
fdt_ro.c:161:5:fdt_path_offset	24	static
fdt_ro.c:356:13:fdt_get_alias	16	static
fdt_ro.c:361:5:fdt_get_path	48	static
fdt_ro.c:413:5:fdt_supernode_atdepth_offset	40	static
fdt_ro.c:449:5:fdt_node_depth	16	static
fdt_ro.c:460:5:fdt_parent_offset	16	static
fdt_ro.c:470:5:fdt_node_offset_by_prop_value	40	static
fdt_ro.c:497:5:fdt_node_offset_by_phandle	16	static
fdt_ro.c:540:5:fdt_node_check_compatible	32	static
fdt_ro.c:555:5:fdt_node_offset_by_compatible	24	static
