board.c:226:12:mark_bootstage	0	static
board.c:158:12:init_func_i2c	8	static
board.c:109:12:display_banner	8	static
board.c:103:12:init_baudrate	8	static
board.c:211:5:__arch_cpu_init	0	static
board.c:80:13:coloured_LED_init	0	static
board.c:81:13:red_led_on	0	static
board.c:82:13:red_led_off	0	static
board.c:83:13:green_led_on	0	static
board.c:84:13:green_led_off	0	static
board.c:85:13:yellow_led_on	0	static
board.c:86:13:yellow_led_off	0	static
board.c:87:13:blue_led_on	0	static
board.c:88:13:blue_led_off	0	static
board.c:203:6:__dram_init_banksize	0	static
board.c:218:5:__power_init_board	0	static
board.c:509:6:board_init_r	8	static
board.c:699:6:hang	8	static
board.c:267:6:board_init_f	24	static
