reset_manager.c:33:6:watchdog_disable	0	static
reset_manager.c:44:5:is_wdt_in_reset	0	static
reset_manager.c:54:6:reset_cpu	0	static
reset_manager.c:68:6:reset_deassert_all_peripherals	0	static
reset_manager.c:74:6:reset_deassert_all_bridges	8	static
reset_manager.c:93:6:reset_deassert_cpu1	0	static
reset_manager.c:99:6:reset_deassert_osc1timer0	0	static
reset_manager.c:106:6:reset_deassert_osc1wd0	0	static
reset_manager.c:113:6:reset_assert_all_peripherals	0	static
reset_manager.c:119:6:reset_assert_all_bridges	0	static
reset_manager.c:127:6:reset_assert_all_peripherals_except_l4wd0	0	static
reset_manager.c:134:6:reset_assert_all_peripherals_except_l4wd0_and_sdr	0	static
reset_manager.c:312:6:emac0_reset_enable	0	static
reset_manager.c:323:6:emac1_reset_enable	0	static
